#! /usr/bin/vvp
:ivl_version "12.0 (stable)";
:ivl_delay_selection "TYPICAL";
:vpi_time_precision - 9;
:vpi_module "/usr/lib/x86_64-linux-gnu/ivl/system.vpi";
:vpi_module "/usr/lib/x86_64-linux-gnu/ivl/vhdl_sys.vpi";
:vpi_module "/usr/lib/x86_64-linux-gnu/ivl/vhdl_textio.vpi";
:vpi_module "/usr/lib/x86_64-linux-gnu/ivl/v2005_math.vpi";
:vpi_module "/usr/lib/x86_64-linux-gnu/ivl/va_math.vpi";
S_0x5567f1f4de70 .scope module, "ripple_carry_adder" "ripple_carry_adder" 2 65;
 .timescale -9 -9;
    .port_info 0 /INPUT 4 "a";
    .port_info 1 /INPUT 4 "b";
    .port_info 2 /OUTPUT 4 "sum";
    .port_info 3 /OUTPUT 1 "overflow";
o0x7fc3c0fc7148 .functor BUFZ 4, C4<zzzz>; HiZ drive
v0x5567f1f7f470_0 .net "a", 3 0, o0x7fc3c0fc7148;  0 drivers
o0x7fc3c0fc7178 .functor BUFZ 4, C4<zzzz>; HiZ drive
v0x5567f1f7f550_0 .net "b", 3 0, o0x7fc3c0fc7178;  0 drivers
v0x5567f1f7f630_0 .net "carry", 2 0, L_0x5567f1f87e20;  1 drivers
v0x5567f1f7f720_0 .var "carry0", 0 0;
v0x5567f1f7f7c0_0 .net "carry_out_of_last_fa", 0 0, L_0x5567f1f8a400;  1 drivers
v0x5567f1f7f8b0_0 .net "overflow", 0 0, L_0x5567f1f8b5d0;  1 drivers
v0x5567f1f7f9a0_0 .net "sum", 3 0, L_0x5567f1f8ae20;  1 drivers
L_0x5567f1f823b0 .part o0x7fc3c0fc7148, 0, 1;
L_0x5567f1f82450 .part o0x7fc3c0fc7178, 0, 1;
L_0x5567f1f84f50 .part o0x7fc3c0fc7148, 1, 1;
L_0x5567f1f84ff0 .part o0x7fc3c0fc7178, 1, 1;
L_0x5567f1f85090 .part L_0x5567f1f87e20, 0, 1;
L_0x5567f1f87bb0 .part o0x7fc3c0fc7148, 2, 1;
L_0x5567f1f87c90 .part o0x7fc3c0fc7178, 2, 1;
L_0x5567f1f87d30 .part L_0x5567f1f87e20, 1, 1;
L_0x5567f1f87e20 .concat8 [ 1 1 1 0], L_0x5567f1f81dc0, L_0x5567f1f84960, L_0x5567f1f875f0;
L_0x5567f1f8a9c0 .part o0x7fc3c0fc7148, 3, 1;
L_0x5567f1f8ab50 .part o0x7fc3c0fc7178, 3, 1;
L_0x5567f1f8ac80 .part L_0x5567f1f87e20, 2, 1;
L_0x5567f1f8ae20 .concat8 [ 1 1 1 1], L_0x5567f1f81880, L_0x5567f1f84420, L_0x5567f1f870b0, L_0x5567f1f89ec0;
L_0x5567f1f8b900 .part L_0x5567f1f87e20, 2, 1;
S_0x5567f1f39a60 .scope module, "fa0" "full_adder" 2 73, 2 48 0, S_0x5567f1f4de70;
 .timescale -9 -9;
    .port_info 0 /INPUT 1 "a";
    .port_info 1 /INPUT 1 "b";
    .port_info 2 /INPUT 1 "ck_1";
    .port_info 3 /OUTPUT 1 "sum";
    .port_info 4 /OUTPUT 1 "carry_out";
v0x5567f1f67b50_0 .net "a", 0 0, L_0x5567f1f823b0;  1 drivers
v0x5567f1f67bf0_0 .net "b", 0 0, L_0x5567f1f82450;  1 drivers
v0x5567f1f67cb0_0 .net "carry_out", 0 0, L_0x5567f1f81dc0;  1 drivers
v0x5567f1f67d80_0 .net "ck_1", 0 0, v0x5567f1f7f720_0;  1 drivers
v0x5567f1f67e20_0 .net "result", 1 0, L_0x5567f1f81660;  1 drivers
v0x5567f1f67ec0_0 .net "sum", 0 0, L_0x5567f1f81880;  1 drivers
v0x5567f1f67f60_0 .net "y", 1 0, L_0x5567f1f80800;  1 drivers
L_0x5567f1f817c0 .part L_0x5567f1f80800, 0, 1;
L_0x5567f1f81880 .part L_0x5567f1f81660, 0, 1;
L_0x5567f1f82120 .part L_0x5567f1f80800, 1, 1;
L_0x5567f1f82250 .part L_0x5567f1f81660, 1, 1;
S_0x5567f1f503f0 .scope module, "carry" "or_gate" 2 62, 2 11 0, S_0x5567f1f39a60;
 .timescale -9 -9;
    .port_info 0 /INPUT 1 "a";
    .port_info 1 /INPUT 1 "b";
    .port_info 2 /OUTPUT 1 "y";
v0x5567f1f62210_0 .net "a", 0 0, L_0x5567f1f82120;  1 drivers
v0x5567f1f62300_0 .net "b", 0 0, L_0x5567f1f82250;  1 drivers
v0x5567f1f62410_0 .net "y", 0 0, L_0x5567f1f81dc0;  alias, 1 drivers
v0x5567f1f624b0_0 .net "y2", 1 0, L_0x5567f1f81c60;  1 drivers
L_0x5567f1f81c60 .concat8 [ 1 1 0 0], L_0x5567f1f81af0, L_0x5567f1f81920;
L_0x5567f1f81ef0 .part L_0x5567f1f81c60, 1, 1;
L_0x5567f1f82030 .part L_0x5567f1f81c60, 0, 1;
S_0x5567f1f4d270 .scope module, "dsut" "nand_gate" 2 20, 2 3 0, S_0x5567f1f503f0;
 .timescale -9 -9;
    .port_info 0 /INPUT 1 "a";
    .port_info 1 /INPUT 1 "b";
    .port_info 2 /OUTPUT 1 "y";
L_0x5567f1f81dc0/d .functor NAND 1, L_0x5567f1f81ef0, L_0x5567f1f82030, C4<1>, C4<1>;
L_0x5567f1f81dc0 .delay 1 (1,1,1) L_0x5567f1f81dc0/d;
v0x5567f1efd330_0 .net "a", 0 0, L_0x5567f1f81ef0;  1 drivers
v0x5567f1f61660_0 .net "b", 0 0, L_0x5567f1f82030;  1 drivers
v0x5567f1f61720_0 .net "y", 0 0, L_0x5567f1f81dc0;  alias, 1 drivers
S_0x5567f1f61840 .scope module, "dut" "nand_gate" 2 19, 2 3 0, S_0x5567f1f503f0;
 .timescale -9 -9;
    .port_info 0 /INPUT 1 "a";
    .port_info 1 /INPUT 1 "b";
    .port_info 2 /OUTPUT 1 "y";
L_0x5567f1f81af0/d .functor NAND 1, L_0x5567f1f82250, L_0x5567f1f82250, C4<1>, C4<1>;
L_0x5567f1f81af0 .delay 1 (1,1,1) L_0x5567f1f81af0/d;
v0x5567f1f61a70_0 .net "a", 0 0, L_0x5567f1f82250;  alias, 1 drivers
v0x5567f1f61b50_0 .net "b", 0 0, L_0x5567f1f82250;  alias, 1 drivers
v0x5567f1f61c10_0 .net "y", 0 0, L_0x5567f1f81af0;  1 drivers
S_0x5567f1f61cf0 .scope module, "uut" "nand_gate" 2 18, 2 3 0, S_0x5567f1f503f0;
 .timescale -9 -9;
    .port_info 0 /INPUT 1 "a";
    .port_info 1 /INPUT 1 "b";
    .port_info 2 /OUTPUT 1 "y";
L_0x5567f1f81920/d .functor NAND 1, L_0x5567f1f82120, L_0x5567f1f82120, C4<1>, C4<1>;
L_0x5567f1f81920 .delay 1 (1,1,1) L_0x5567f1f81920/d;
v0x5567f1f61f50_0 .net "a", 0 0, L_0x5567f1f82120;  alias, 1 drivers
v0x5567f1f62010_0 .net "b", 0 0, L_0x5567f1f82120;  alias, 1 drivers
v0x5567f1f62100_0 .net "y", 0 0, L_0x5567f1f81920;  1 drivers
S_0x5567f1f625b0 .scope module, "first_sum" "half_adder" 2 58, 2 36 0, S_0x5567f1f39a60;
 .timescale -9 -9;
    .port_info 0 /INPUT 1 "a";
    .port_info 1 /INPUT 1 "b";
    .port_info 2 /OUTPUT 2 "y";
v0x5567f1f64cd0_0 .net "a", 0 0, L_0x5567f1f823b0;  alias, 1 drivers
v0x5567f1f64d70_0 .net "b", 0 0, L_0x5567f1f82450;  alias, 1 drivers
v0x5567f1f64ec0_0 .net "carry", 0 0, L_0x5567f1f2bad0;  1 drivers
v0x5567f1f64f60_0 .net "y", 1 0, L_0x5567f1f80800;  alias, 1 drivers
L_0x5567f1f80800 .concat8 [ 1 1 0 0], L_0x5567f1f3f120, L_0x5567f1f45b70;
S_0x5567f1f627e0 .scope module, "dut" "nand_gate" 2 45, 2 3 0, S_0x5567f1f625b0;
 .timescale -9 -9;
    .port_info 0 /INPUT 1 "a";
    .port_info 1 /INPUT 1 "b";
    .port_info 2 /OUTPUT 1 "y";
L_0x5567f1f45b70/d .functor NAND 1, L_0x5567f1f2bad0, L_0x5567f1f2bad0, C4<1>, C4<1>;
L_0x5567f1f45b70 .delay 1 (1,1,1) L_0x5567f1f45b70/d;
v0x5567f1f62a50_0 .net "a", 0 0, L_0x5567f1f2bad0;  alias, 1 drivers
v0x5567f1f62b30_0 .net "b", 0 0, L_0x5567f1f2bad0;  alias, 1 drivers
v0x5567f1f62c20_0 .net "y", 0 0, L_0x5567f1f45b70;  1 drivers
S_0x5567f1f62d30 .scope module, "sum_gate" "xor_gate" 2 44, 2 23 0, S_0x5567f1f625b0;
 .timescale -9 -9;
    .port_info 0 /INPUT 1 "a";
    .port_info 1 /INPUT 1 "b";
    .port_info 2 /OUTPUT 1 "y";
v0x5567f1f64410_0 .net "a", 0 0, L_0x5567f1f823b0;  alias, 1 drivers
v0x5567f1f64500_0 .net "b", 0 0, L_0x5567f1f82450;  alias, 1 drivers
v0x5567f1f64610_0 .net "y", 0 0, L_0x5567f1f3f120;  1 drivers
v0x5567f1f646b0_0 .net "y1", 2 0, L_0x5567f1f80320;  1 drivers
L_0x5567f1f7fee0 .part L_0x5567f1f80320, 2, 1;
L_0x5567f1f801e0 .part L_0x5567f1f80320, 2, 1;
L_0x5567f1f80320 .concat8 [ 1 1 1 0], L_0x5567f1f3c000, L_0x5567f1f35480, L_0x5567f1f32360;
L_0x5567f1f805a0 .part L_0x5567f1f80320, 0, 1;
L_0x5567f1f806c0 .part L_0x5567f1f80320, 1, 1;
S_0x5567f1f62f60 .scope module, "dut" "nand_gate" 2 31, 2 3 0, S_0x5567f1f62d30;
 .timescale -9 -9;
    .port_info 0 /INPUT 1 "a";
    .port_info 1 /INPUT 1 "b";
    .port_info 2 /OUTPUT 1 "y";
L_0x5567f1f35480/d .functor NAND 1, L_0x5567f1f823b0, L_0x5567f1f7fee0, C4<1>, C4<1>;
L_0x5567f1f35480 .delay 1 (1,1,1) L_0x5567f1f35480/d;
v0x5567f1f631d0_0 .net "a", 0 0, L_0x5567f1f823b0;  alias, 1 drivers
v0x5567f1f632b0_0 .net "b", 0 0, L_0x5567f1f7fee0;  1 drivers
v0x5567f1f63370_0 .net "y", 0 0, L_0x5567f1f35480;  1 drivers
S_0x5567f1f634c0 .scope module, "fut" "nand_gate" 2 32, 2 3 0, S_0x5567f1f62d30;
 .timescale -9 -9;
    .port_info 0 /INPUT 1 "a";
    .port_info 1 /INPUT 1 "b";
    .port_info 2 /OUTPUT 1 "y";
L_0x5567f1f3c000/d .functor NAND 1, L_0x5567f1f801e0, L_0x5567f1f82450, C4<1>, C4<1>;
L_0x5567f1f3c000 .delay 1 (1,1,1) L_0x5567f1f3c000/d;
v0x5567f1f636f0_0 .net "a", 0 0, L_0x5567f1f801e0;  1 drivers
v0x5567f1f637d0_0 .net "b", 0 0, L_0x5567f1f82450;  alias, 1 drivers
v0x5567f1f63890_0 .net "y", 0 0, L_0x5567f1f3c000;  1 drivers
S_0x5567f1f639e0 .scope module, "ut" "nand_gate" 2 33, 2 3 0, S_0x5567f1f62d30;
 .timescale -9 -9;
    .port_info 0 /INPUT 1 "a";
    .port_info 1 /INPUT 1 "b";
    .port_info 2 /OUTPUT 1 "y";
L_0x5567f1f3f120/d .functor NAND 1, L_0x5567f1f805a0, L_0x5567f1f806c0, C4<1>, C4<1>;
L_0x5567f1f3f120 .delay 1 (1,1,1) L_0x5567f1f3f120/d;
v0x5567f1f63c40_0 .net "a", 0 0, L_0x5567f1f805a0;  1 drivers
v0x5567f1f63d00_0 .net "b", 0 0, L_0x5567f1f806c0;  1 drivers
v0x5567f1f63dc0_0 .net "y", 0 0, L_0x5567f1f3f120;  alias, 1 drivers
S_0x5567f1f63f10 .scope module, "uut" "nand_gate" 2 30, 2 3 0, S_0x5567f1f62d30;
 .timescale -9 -9;
    .port_info 0 /INPUT 1 "a";
    .port_info 1 /INPUT 1 "b";
    .port_info 2 /OUTPUT 1 "y";
L_0x5567f1f32360/d .functor NAND 1, L_0x5567f1f823b0, L_0x5567f1f82450, C4<1>, C4<1>;
L_0x5567f1f32360 .delay 1 (1,1,1) L_0x5567f1f32360/d;
v0x5567f1f64140_0 .net "a", 0 0, L_0x5567f1f823b0;  alias, 1 drivers
v0x5567f1f64230_0 .net "b", 0 0, L_0x5567f1f82450;  alias, 1 drivers
v0x5567f1f64300_0 .net "y", 0 0, L_0x5567f1f32360;  1 drivers
S_0x5567f1f647b0 .scope module, "uut" "nand_gate" 2 43, 2 3 0, S_0x5567f1f625b0;
 .timescale -9 -9;
    .port_info 0 /INPUT 1 "a";
    .port_info 1 /INPUT 1 "b";
    .port_info 2 /OUTPUT 1 "y";
L_0x5567f1f2bad0/d .functor NAND 1, L_0x5567f1f823b0, L_0x5567f1f82450, C4<1>, C4<1>;
L_0x5567f1f2bad0 .delay 1 (1,1,1) L_0x5567f1f2bad0/d;
v0x5567f1f64a10_0 .net "a", 0 0, L_0x5567f1f823b0;  alias, 1 drivers
v0x5567f1f64ab0_0 .net "b", 0 0, L_0x5567f1f82450;  alias, 1 drivers
v0x5567f1f64b70_0 .net "y", 0 0, L_0x5567f1f2bad0;  alias, 1 drivers
S_0x5567f1f65080 .scope module, "second_sum" "half_adder" 2 59, 2 36 0, S_0x5567f1f39a60;
 .timescale -9 -9;
    .port_info 0 /INPUT 1 "a";
    .port_info 1 /INPUT 1 "b";
    .port_info 2 /OUTPUT 2 "y";
v0x5567f1f67710_0 .net "a", 0 0, L_0x5567f1f817c0;  1 drivers
v0x5567f1f67840_0 .net "b", 0 0, v0x5567f1f7f720_0;  alias, 1 drivers
v0x5567f1f67990_0 .net "carry", 0 0, L_0x5567f1f48c90;  1 drivers
v0x5567f1f67a30_0 .net "y", 1 0, L_0x5567f1f81660;  alias, 1 drivers
L_0x5567f1f81660 .concat8 [ 1 1 0 0], L_0x5567f1f81230, L_0x5567f1f81550;
S_0x5567f1f65240 .scope module, "dut" "nand_gate" 2 45, 2 3 0, S_0x5567f1f65080;
 .timescale -9 -9;
    .port_info 0 /INPUT 1 "a";
    .port_info 1 /INPUT 1 "b";
    .port_info 2 /OUTPUT 1 "y";
L_0x5567f1f81550/d .functor NAND 1, L_0x5567f1f48c90, L_0x5567f1f48c90, C4<1>, C4<1>;
L_0x5567f1f81550 .delay 1 (1,1,1) L_0x5567f1f81550/d;
v0x5567f1f65490_0 .net "a", 0 0, L_0x5567f1f48c90;  alias, 1 drivers
v0x5567f1f65570_0 .net "b", 0 0, L_0x5567f1f48c90;  alias, 1 drivers
v0x5567f1f65660_0 .net "y", 0 0, L_0x5567f1f81550;  1 drivers
S_0x5567f1f65770 .scope module, "sum_gate" "xor_gate" 2 44, 2 23 0, S_0x5567f1f65080;
 .timescale -9 -9;
    .port_info 0 /INPUT 1 "a";
    .port_info 1 /INPUT 1 "b";
    .port_info 2 /OUTPUT 1 "y";
v0x5567f1f66e50_0 .net "a", 0 0, L_0x5567f1f817c0;  alias, 1 drivers
v0x5567f1f66f40_0 .net "b", 0 0, v0x5567f1f7f720_0;  alias, 1 drivers
v0x5567f1f67050_0 .net "y", 0 0, L_0x5567f1f81230;  1 drivers
v0x5567f1f670f0_0 .net "y1", 2 0, L_0x5567f1f810a0;  1 drivers
L_0x5567f1f80d60 .part L_0x5567f1f810a0, 2, 1;
L_0x5567f1f80f60 .part L_0x5567f1f810a0, 2, 1;
L_0x5567f1f810a0 .concat8 [ 1 1 1 0], L_0x5567f1f80e50, L_0x5567f1f80c30, L_0x5567f1f809f0;
L_0x5567f1f81390 .part L_0x5567f1f810a0, 0, 1;
L_0x5567f1f814b0 .part L_0x5567f1f810a0, 1, 1;
S_0x5567f1f659a0 .scope module, "dut" "nand_gate" 2 31, 2 3 0, S_0x5567f1f65770;
 .timescale -9 -9;
    .port_info 0 /INPUT 1 "a";
    .port_info 1 /INPUT 1 "b";
    .port_info 2 /OUTPUT 1 "y";
L_0x5567f1f80c30/d .functor NAND 1, L_0x5567f1f817c0, L_0x5567f1f80d60, C4<1>, C4<1>;
L_0x5567f1f80c30 .delay 1 (1,1,1) L_0x5567f1f80c30/d;
v0x5567f1f65c10_0 .net "a", 0 0, L_0x5567f1f817c0;  alias, 1 drivers
v0x5567f1f65cf0_0 .net "b", 0 0, L_0x5567f1f80d60;  1 drivers
v0x5567f1f65db0_0 .net "y", 0 0, L_0x5567f1f80c30;  1 drivers
S_0x5567f1f65f00 .scope module, "fut" "nand_gate" 2 32, 2 3 0, S_0x5567f1f65770;
 .timescale -9 -9;
    .port_info 0 /INPUT 1 "a";
    .port_info 1 /INPUT 1 "b";
    .port_info 2 /OUTPUT 1 "y";
L_0x5567f1f80e50/d .functor NAND 1, L_0x5567f1f80f60, v0x5567f1f7f720_0, C4<1>, C4<1>;
L_0x5567f1f80e50 .delay 1 (1,1,1) L_0x5567f1f80e50/d;
v0x5567f1f66130_0 .net "a", 0 0, L_0x5567f1f80f60;  1 drivers
v0x5567f1f66210_0 .net "b", 0 0, v0x5567f1f7f720_0;  alias, 1 drivers
v0x5567f1f662d0_0 .net "y", 0 0, L_0x5567f1f80e50;  1 drivers
S_0x5567f1f66420 .scope module, "ut" "nand_gate" 2 33, 2 3 0, S_0x5567f1f65770;
 .timescale -9 -9;
    .port_info 0 /INPUT 1 "a";
    .port_info 1 /INPUT 1 "b";
    .port_info 2 /OUTPUT 1 "y";
L_0x5567f1f81230/d .functor NAND 1, L_0x5567f1f81390, L_0x5567f1f814b0, C4<1>, C4<1>;
L_0x5567f1f81230 .delay 1 (1,1,1) L_0x5567f1f81230/d;
v0x5567f1f66680_0 .net "a", 0 0, L_0x5567f1f81390;  1 drivers
v0x5567f1f66740_0 .net "b", 0 0, L_0x5567f1f814b0;  1 drivers
v0x5567f1f66800_0 .net "y", 0 0, L_0x5567f1f81230;  alias, 1 drivers
S_0x5567f1f66950 .scope module, "uut" "nand_gate" 2 30, 2 3 0, S_0x5567f1f65770;
 .timescale -9 -9;
    .port_info 0 /INPUT 1 "a";
    .port_info 1 /INPUT 1 "b";
    .port_info 2 /OUTPUT 1 "y";
L_0x5567f1f809f0/d .functor NAND 1, L_0x5567f1f817c0, v0x5567f1f7f720_0, C4<1>, C4<1>;
L_0x5567f1f809f0 .delay 1 (1,1,1) L_0x5567f1f809f0/d;
v0x5567f1f66b80_0 .net "a", 0 0, L_0x5567f1f817c0;  alias, 1 drivers
v0x5567f1f66c70_0 .net "b", 0 0, v0x5567f1f7f720_0;  alias, 1 drivers
v0x5567f1f66d40_0 .net "y", 0 0, L_0x5567f1f809f0;  1 drivers
S_0x5567f1f671f0 .scope module, "uut" "nand_gate" 2 43, 2 3 0, S_0x5567f1f65080;
 .timescale -9 -9;
    .port_info 0 /INPUT 1 "a";
    .port_info 1 /INPUT 1 "b";
    .port_info 2 /OUTPUT 1 "y";
L_0x5567f1f48c90/d .functor NAND 1, L_0x5567f1f817c0, v0x5567f1f7f720_0, C4<1>, C4<1>;
L_0x5567f1f48c90 .delay 1 (1,1,1) L_0x5567f1f48c90/d;
v0x5567f1f67450_0 .net "a", 0 0, L_0x5567f1f817c0;  alias, 1 drivers
v0x5567f1f674f0_0 .net "b", 0 0, v0x5567f1f7f720_0;  alias, 1 drivers
v0x5567f1f675b0_0 .net "y", 0 0, L_0x5567f1f48c90;  alias, 1 drivers
S_0x5567f1f680b0 .scope module, "fa1" "full_adder" 2 74, 2 48 0, S_0x5567f1f4de70;
 .timescale -9 -9;
    .port_info 0 /INPUT 1 "a";
    .port_info 1 /INPUT 1 "b";
    .port_info 2 /INPUT 1 "ck_1";
    .port_info 3 /OUTPUT 1 "sum";
    .port_info 4 /OUTPUT 1 "carry_out";
v0x5567f1f6ee60_0 .net "a", 0 0, L_0x5567f1f84f50;  1 drivers
v0x5567f1f6ef00_0 .net "b", 0 0, L_0x5567f1f84ff0;  1 drivers
v0x5567f1f6efc0_0 .net "carry_out", 0 0, L_0x5567f1f84960;  1 drivers
v0x5567f1f6f090_0 .net "ck_1", 0 0, L_0x5567f1f85090;  1 drivers
v0x5567f1f6f130_0 .net "result", 1 0, L_0x5567f1f84200;  1 drivers
v0x5567f1f6f1d0_0 .net "sum", 0 0, L_0x5567f1f84420;  1 drivers
v0x5567f1f6f270_0 .net "y", 1 0, L_0x5567f1f83330;  1 drivers
L_0x5567f1f84360 .part L_0x5567f1f83330, 0, 1;
L_0x5567f1f84420 .part L_0x5567f1f84200, 0, 1;
L_0x5567f1f84cc0 .part L_0x5567f1f83330, 1, 1;
L_0x5567f1f84df0 .part L_0x5567f1f84200, 1, 1;
S_0x5567f1f682b0 .scope module, "carry" "or_gate" 2 62, 2 11 0, S_0x5567f1f680b0;
 .timescale -9 -9;
    .port_info 0 /INPUT 1 "a";
    .port_info 1 /INPUT 1 "b";
    .port_info 2 /OUTPUT 1 "y";
v0x5567f1f69490_0 .net "a", 0 0, L_0x5567f1f84cc0;  1 drivers
v0x5567f1f69580_0 .net "b", 0 0, L_0x5567f1f84df0;  1 drivers
v0x5567f1f69690_0 .net "y", 0 0, L_0x5567f1f84960;  alias, 1 drivers
v0x5567f1f69730_0 .net "y2", 1 0, L_0x5567f1f84800;  1 drivers
L_0x5567f1f84800 .concat8 [ 1 1 0 0], L_0x5567f1f84690, L_0x5567f1f844c0;
L_0x5567f1f84a90 .part L_0x5567f1f84800, 1, 1;
L_0x5567f1f84bd0 .part L_0x5567f1f84800, 0, 1;
S_0x5567f1f68500 .scope module, "dsut" "nand_gate" 2 20, 2 3 0, S_0x5567f1f682b0;
 .timescale -9 -9;
    .port_info 0 /INPUT 1 "a";
    .port_info 1 /INPUT 1 "b";
    .port_info 2 /OUTPUT 1 "y";
L_0x5567f1f84960/d .functor NAND 1, L_0x5567f1f84a90, L_0x5567f1f84bd0, C4<1>, C4<1>;
L_0x5567f1f84960 .delay 1 (1,1,1) L_0x5567f1f84960/d;
v0x5567f1f68770_0 .net "a", 0 0, L_0x5567f1f84a90;  1 drivers
v0x5567f1f68850_0 .net "b", 0 0, L_0x5567f1f84bd0;  1 drivers
v0x5567f1f68910_0 .net "y", 0 0, L_0x5567f1f84960;  alias, 1 drivers
S_0x5567f1f68a60 .scope module, "dut" "nand_gate" 2 19, 2 3 0, S_0x5567f1f682b0;
 .timescale -9 -9;
    .port_info 0 /INPUT 1 "a";
    .port_info 1 /INPUT 1 "b";
    .port_info 2 /OUTPUT 1 "y";
L_0x5567f1f84690/d .functor NAND 1, L_0x5567f1f84df0, L_0x5567f1f84df0, C4<1>, C4<1>;
L_0x5567f1f84690 .delay 1 (1,1,1) L_0x5567f1f84690/d;
v0x5567f1f68c90_0 .net "a", 0 0, L_0x5567f1f84df0;  alias, 1 drivers
v0x5567f1f68d70_0 .net "b", 0 0, L_0x5567f1f84df0;  alias, 1 drivers
v0x5567f1f68e60_0 .net "y", 0 0, L_0x5567f1f84690;  1 drivers
S_0x5567f1f68f70 .scope module, "uut" "nand_gate" 2 18, 2 3 0, S_0x5567f1f682b0;
 .timescale -9 -9;
    .port_info 0 /INPUT 1 "a";
    .port_info 1 /INPUT 1 "b";
    .port_info 2 /OUTPUT 1 "y";
L_0x5567f1f844c0/d .functor NAND 1, L_0x5567f1f84cc0, L_0x5567f1f84cc0, C4<1>, C4<1>;
L_0x5567f1f844c0 .delay 1 (1,1,1) L_0x5567f1f844c0/d;
v0x5567f1f691d0_0 .net "a", 0 0, L_0x5567f1f84cc0;  alias, 1 drivers
v0x5567f1f69290_0 .net "b", 0 0, L_0x5567f1f84cc0;  alias, 1 drivers
v0x5567f1f69380_0 .net "y", 0 0, L_0x5567f1f844c0;  1 drivers
S_0x5567f1f69830 .scope module, "first_sum" "half_adder" 2 58, 2 36 0, S_0x5567f1f680b0;
 .timescale -9 -9;
    .port_info 0 /INPUT 1 "a";
    .port_info 1 /INPUT 1 "b";
    .port_info 2 /OUTPUT 2 "y";
v0x5567f1f6bf50_0 .net "a", 0 0, L_0x5567f1f84f50;  alias, 1 drivers
v0x5567f1f6c080_0 .net "b", 0 0, L_0x5567f1f84ff0;  alias, 1 drivers
v0x5567f1f6c1d0_0 .net "carry", 0 0, L_0x5567f1f824f0;  1 drivers
v0x5567f1f6c270_0 .net "y", 1 0, L_0x5567f1f83330;  alias, 1 drivers
L_0x5567f1f83330 .concat8 [ 1 1 0 0], L_0x5567f1f82f00, L_0x5567f1f83220;
S_0x5567f1f69a60 .scope module, "dut" "nand_gate" 2 45, 2 3 0, S_0x5567f1f69830;
 .timescale -9 -9;
    .port_info 0 /INPUT 1 "a";
    .port_info 1 /INPUT 1 "b";
    .port_info 2 /OUTPUT 1 "y";
L_0x5567f1f83220/d .functor NAND 1, L_0x5567f1f824f0, L_0x5567f1f824f0, C4<1>, C4<1>;
L_0x5567f1f83220 .delay 1 (1,1,1) L_0x5567f1f83220/d;
v0x5567f1f69cd0_0 .net "a", 0 0, L_0x5567f1f824f0;  alias, 1 drivers
v0x5567f1f69db0_0 .net "b", 0 0, L_0x5567f1f824f0;  alias, 1 drivers
v0x5567f1f69ea0_0 .net "y", 0 0, L_0x5567f1f83220;  1 drivers
S_0x5567f1f69fb0 .scope module, "sum_gate" "xor_gate" 2 44, 2 23 0, S_0x5567f1f69830;
 .timescale -9 -9;
    .port_info 0 /INPUT 1 "a";
    .port_info 1 /INPUT 1 "b";
    .port_info 2 /OUTPUT 1 "y";
v0x5567f1f6b690_0 .net "a", 0 0, L_0x5567f1f84f50;  alias, 1 drivers
v0x5567f1f6b780_0 .net "b", 0 0, L_0x5567f1f84ff0;  alias, 1 drivers
v0x5567f1f6b890_0 .net "y", 0 0, L_0x5567f1f82f00;  1 drivers
v0x5567f1f6b930_0 .net "y1", 2 0, L_0x5567f1f82d70;  1 drivers
L_0x5567f1f828f0 .part L_0x5567f1f82d70, 2, 1;
L_0x5567f1f82c30 .part L_0x5567f1f82d70, 2, 1;
L_0x5567f1f82d70 .concat8 [ 1 1 1 0], L_0x5567f1f829e0, L_0x5567f1f82700, L_0x5567f1f82640;
L_0x5567f1f83060 .part L_0x5567f1f82d70, 0, 1;
L_0x5567f1f83180 .part L_0x5567f1f82d70, 1, 1;
S_0x5567f1f6a1e0 .scope module, "dut" "nand_gate" 2 31, 2 3 0, S_0x5567f1f69fb0;
 .timescale -9 -9;
    .port_info 0 /INPUT 1 "a";
    .port_info 1 /INPUT 1 "b";
    .port_info 2 /OUTPUT 1 "y";
L_0x5567f1f82700/d .functor NAND 1, L_0x5567f1f84f50, L_0x5567f1f828f0, C4<1>, C4<1>;
L_0x5567f1f82700 .delay 1 (1,1,1) L_0x5567f1f82700/d;
v0x5567f1f6a450_0 .net "a", 0 0, L_0x5567f1f84f50;  alias, 1 drivers
v0x5567f1f6a530_0 .net "b", 0 0, L_0x5567f1f828f0;  1 drivers
v0x5567f1f6a5f0_0 .net "y", 0 0, L_0x5567f1f82700;  1 drivers
S_0x5567f1f6a740 .scope module, "fut" "nand_gate" 2 32, 2 3 0, S_0x5567f1f69fb0;
 .timescale -9 -9;
    .port_info 0 /INPUT 1 "a";
    .port_info 1 /INPUT 1 "b";
    .port_info 2 /OUTPUT 1 "y";
L_0x5567f1f829e0/d .functor NAND 1, L_0x5567f1f82c30, L_0x5567f1f84ff0, C4<1>, C4<1>;
L_0x5567f1f829e0 .delay 1 (1,1,1) L_0x5567f1f829e0/d;
v0x5567f1f6a970_0 .net "a", 0 0, L_0x5567f1f82c30;  1 drivers
v0x5567f1f6aa50_0 .net "b", 0 0, L_0x5567f1f84ff0;  alias, 1 drivers
v0x5567f1f6ab10_0 .net "y", 0 0, L_0x5567f1f829e0;  1 drivers
S_0x5567f1f6ac60 .scope module, "ut" "nand_gate" 2 33, 2 3 0, S_0x5567f1f69fb0;
 .timescale -9 -9;
    .port_info 0 /INPUT 1 "a";
    .port_info 1 /INPUT 1 "b";
    .port_info 2 /OUTPUT 1 "y";
L_0x5567f1f82f00/d .functor NAND 1, L_0x5567f1f83060, L_0x5567f1f83180, C4<1>, C4<1>;
L_0x5567f1f82f00 .delay 1 (1,1,1) L_0x5567f1f82f00/d;
v0x5567f1f6aec0_0 .net "a", 0 0, L_0x5567f1f83060;  1 drivers
v0x5567f1f6af80_0 .net "b", 0 0, L_0x5567f1f83180;  1 drivers
v0x5567f1f6b040_0 .net "y", 0 0, L_0x5567f1f82f00;  alias, 1 drivers
S_0x5567f1f6b190 .scope module, "uut" "nand_gate" 2 30, 2 3 0, S_0x5567f1f69fb0;
 .timescale -9 -9;
    .port_info 0 /INPUT 1 "a";
    .port_info 1 /INPUT 1 "b";
    .port_info 2 /OUTPUT 1 "y";
L_0x5567f1f82640/d .functor NAND 1, L_0x5567f1f84f50, L_0x5567f1f84ff0, C4<1>, C4<1>;
L_0x5567f1f82640 .delay 1 (1,1,1) L_0x5567f1f82640/d;
v0x5567f1f6b3c0_0 .net "a", 0 0, L_0x5567f1f84f50;  alias, 1 drivers
v0x5567f1f6b4b0_0 .net "b", 0 0, L_0x5567f1f84ff0;  alias, 1 drivers
v0x5567f1f6b580_0 .net "y", 0 0, L_0x5567f1f82640;  1 drivers
S_0x5567f1f6ba30 .scope module, "uut" "nand_gate" 2 43, 2 3 0, S_0x5567f1f69830;
 .timescale -9 -9;
    .port_info 0 /INPUT 1 "a";
    .port_info 1 /INPUT 1 "b";
    .port_info 2 /OUTPUT 1 "y";
L_0x5567f1f824f0/d .functor NAND 1, L_0x5567f1f84f50, L_0x5567f1f84ff0, C4<1>, C4<1>;
L_0x5567f1f824f0 .delay 1 (1,1,1) L_0x5567f1f824f0/d;
v0x5567f1f6bc90_0 .net "a", 0 0, L_0x5567f1f84f50;  alias, 1 drivers
v0x5567f1f6bd30_0 .net "b", 0 0, L_0x5567f1f84ff0;  alias, 1 drivers
v0x5567f1f6bdf0_0 .net "y", 0 0, L_0x5567f1f824f0;  alias, 1 drivers
S_0x5567f1f6c390 .scope module, "second_sum" "half_adder" 2 59, 2 36 0, S_0x5567f1f680b0;
 .timescale -9 -9;
    .port_info 0 /INPUT 1 "a";
    .port_info 1 /INPUT 1 "b";
    .port_info 2 /OUTPUT 2 "y";
v0x5567f1f6ea20_0 .net "a", 0 0, L_0x5567f1f84360;  1 drivers
v0x5567f1f6eb50_0 .net "b", 0 0, L_0x5567f1f85090;  alias, 1 drivers
v0x5567f1f6eca0_0 .net "carry", 0 0, L_0x5567f1f83490;  1 drivers
v0x5567f1f6ed40_0 .net "y", 1 0, L_0x5567f1f84200;  alias, 1 drivers
L_0x5567f1f84200 .concat8 [ 1 1 0 0], L_0x5567f1f83dd0, L_0x5567f1f840f0;
S_0x5567f1f6c550 .scope module, "dut" "nand_gate" 2 45, 2 3 0, S_0x5567f1f6c390;
 .timescale -9 -9;
    .port_info 0 /INPUT 1 "a";
    .port_info 1 /INPUT 1 "b";
    .port_info 2 /OUTPUT 1 "y";
L_0x5567f1f840f0/d .functor NAND 1, L_0x5567f1f83490, L_0x5567f1f83490, C4<1>, C4<1>;
L_0x5567f1f840f0 .delay 1 (1,1,1) L_0x5567f1f840f0/d;
v0x5567f1f6c7a0_0 .net "a", 0 0, L_0x5567f1f83490;  alias, 1 drivers
v0x5567f1f6c880_0 .net "b", 0 0, L_0x5567f1f83490;  alias, 1 drivers
v0x5567f1f6c970_0 .net "y", 0 0, L_0x5567f1f840f0;  1 drivers
S_0x5567f1f6ca80 .scope module, "sum_gate" "xor_gate" 2 44, 2 23 0, S_0x5567f1f6c390;
 .timescale -9 -9;
    .port_info 0 /INPUT 1 "a";
    .port_info 1 /INPUT 1 "b";
    .port_info 2 /OUTPUT 1 "y";
v0x5567f1f6e160_0 .net "a", 0 0, L_0x5567f1f84360;  alias, 1 drivers
v0x5567f1f6e250_0 .net "b", 0 0, L_0x5567f1f85090;  alias, 1 drivers
v0x5567f1f6e360_0 .net "y", 0 0, L_0x5567f1f83dd0;  1 drivers
v0x5567f1f6e400_0 .net "y1", 2 0, L_0x5567f1f83c40;  1 drivers
L_0x5567f1f837f0 .part L_0x5567f1f83c40, 2, 1;
L_0x5567f1f83b00 .part L_0x5567f1f83c40, 2, 1;
L_0x5567f1f83c40 .concat8 [ 1 1 1 0], L_0x5567f1f838e0, L_0x5567f1f836c0, L_0x5567f1f83590;
L_0x5567f1f83f30 .part L_0x5567f1f83c40, 0, 1;
L_0x5567f1f84050 .part L_0x5567f1f83c40, 1, 1;
S_0x5567f1f6ccb0 .scope module, "dut" "nand_gate" 2 31, 2 3 0, S_0x5567f1f6ca80;
 .timescale -9 -9;
    .port_info 0 /INPUT 1 "a";
    .port_info 1 /INPUT 1 "b";
    .port_info 2 /OUTPUT 1 "y";
L_0x5567f1f836c0/d .functor NAND 1, L_0x5567f1f84360, L_0x5567f1f837f0, C4<1>, C4<1>;
L_0x5567f1f836c0 .delay 1 (1,1,1) L_0x5567f1f836c0/d;
v0x5567f1f6cf20_0 .net "a", 0 0, L_0x5567f1f84360;  alias, 1 drivers
v0x5567f1f6d000_0 .net "b", 0 0, L_0x5567f1f837f0;  1 drivers
v0x5567f1f6d0c0_0 .net "y", 0 0, L_0x5567f1f836c0;  1 drivers
S_0x5567f1f6d210 .scope module, "fut" "nand_gate" 2 32, 2 3 0, S_0x5567f1f6ca80;
 .timescale -9 -9;
    .port_info 0 /INPUT 1 "a";
    .port_info 1 /INPUT 1 "b";
    .port_info 2 /OUTPUT 1 "y";
L_0x5567f1f838e0/d .functor NAND 1, L_0x5567f1f83b00, L_0x5567f1f85090, C4<1>, C4<1>;
L_0x5567f1f838e0 .delay 1 (1,1,1) L_0x5567f1f838e0/d;
v0x5567f1f6d440_0 .net "a", 0 0, L_0x5567f1f83b00;  1 drivers
v0x5567f1f6d520_0 .net "b", 0 0, L_0x5567f1f85090;  alias, 1 drivers
v0x5567f1f6d5e0_0 .net "y", 0 0, L_0x5567f1f838e0;  1 drivers
S_0x5567f1f6d730 .scope module, "ut" "nand_gate" 2 33, 2 3 0, S_0x5567f1f6ca80;
 .timescale -9 -9;
    .port_info 0 /INPUT 1 "a";
    .port_info 1 /INPUT 1 "b";
    .port_info 2 /OUTPUT 1 "y";
L_0x5567f1f83dd0/d .functor NAND 1, L_0x5567f1f83f30, L_0x5567f1f84050, C4<1>, C4<1>;
L_0x5567f1f83dd0 .delay 1 (1,1,1) L_0x5567f1f83dd0/d;
v0x5567f1f6d990_0 .net "a", 0 0, L_0x5567f1f83f30;  1 drivers
v0x5567f1f6da50_0 .net "b", 0 0, L_0x5567f1f84050;  1 drivers
v0x5567f1f6db10_0 .net "y", 0 0, L_0x5567f1f83dd0;  alias, 1 drivers
S_0x5567f1f6dc60 .scope module, "uut" "nand_gate" 2 30, 2 3 0, S_0x5567f1f6ca80;
 .timescale -9 -9;
    .port_info 0 /INPUT 1 "a";
    .port_info 1 /INPUT 1 "b";
    .port_info 2 /OUTPUT 1 "y";
L_0x5567f1f83590/d .functor NAND 1, L_0x5567f1f84360, L_0x5567f1f85090, C4<1>, C4<1>;
L_0x5567f1f83590 .delay 1 (1,1,1) L_0x5567f1f83590/d;
v0x5567f1f6de90_0 .net "a", 0 0, L_0x5567f1f84360;  alias, 1 drivers
v0x5567f1f6df80_0 .net "b", 0 0, L_0x5567f1f85090;  alias, 1 drivers
v0x5567f1f6e050_0 .net "y", 0 0, L_0x5567f1f83590;  1 drivers
S_0x5567f1f6e500 .scope module, "uut" "nand_gate" 2 43, 2 3 0, S_0x5567f1f6c390;
 .timescale -9 -9;
    .port_info 0 /INPUT 1 "a";
    .port_info 1 /INPUT 1 "b";
    .port_info 2 /OUTPUT 1 "y";
L_0x5567f1f83490/d .functor NAND 1, L_0x5567f1f84360, L_0x5567f1f85090, C4<1>, C4<1>;
L_0x5567f1f83490 .delay 1 (1,1,1) L_0x5567f1f83490/d;
v0x5567f1f6e760_0 .net "a", 0 0, L_0x5567f1f84360;  alias, 1 drivers
v0x5567f1f6e800_0 .net "b", 0 0, L_0x5567f1f85090;  alias, 1 drivers
v0x5567f1f6e8c0_0 .net "y", 0 0, L_0x5567f1f83490;  alias, 1 drivers
S_0x5567f1f6f3c0 .scope module, "fa2" "full_adder" 2 75, 2 48 0, S_0x5567f1f4de70;
 .timescale -9 -9;
    .port_info 0 /INPUT 1 "a";
    .port_info 1 /INPUT 1 "b";
    .port_info 2 /INPUT 1 "ck_1";
    .port_info 3 /OUTPUT 1 "sum";
    .port_info 4 /OUTPUT 1 "carry_out";
v0x5567f1f76180_0 .net "a", 0 0, L_0x5567f1f87bb0;  1 drivers
v0x5567f1f76220_0 .net "b", 0 0, L_0x5567f1f87c90;  1 drivers
v0x5567f1f762e0_0 .net "carry_out", 0 0, L_0x5567f1f875f0;  1 drivers
v0x5567f1f763b0_0 .net "ck_1", 0 0, L_0x5567f1f87d30;  1 drivers
v0x5567f1f76450_0 .net "result", 1 0, L_0x5567f1f86e90;  1 drivers
v0x5567f1f764f0_0 .net "sum", 0 0, L_0x5567f1f870b0;  1 drivers
v0x5567f1f76590_0 .net "y", 1 0, L_0x5567f1f85fc0;  1 drivers
L_0x5567f1f86ff0 .part L_0x5567f1f85fc0, 0, 1;
L_0x5567f1f870b0 .part L_0x5567f1f86e90, 0, 1;
L_0x5567f1f87950 .part L_0x5567f1f85fc0, 1, 1;
L_0x5567f1f87a80 .part L_0x5567f1f86e90, 1, 1;
S_0x5567f1f6f5d0 .scope module, "carry" "or_gate" 2 62, 2 11 0, S_0x5567f1f6f3c0;
 .timescale -9 -9;
    .port_info 0 /INPUT 1 "a";
    .port_info 1 /INPUT 1 "b";
    .port_info 2 /OUTPUT 1 "y";
v0x5567f1f707b0_0 .net "a", 0 0, L_0x5567f1f87950;  1 drivers
v0x5567f1f708a0_0 .net "b", 0 0, L_0x5567f1f87a80;  1 drivers
v0x5567f1f709b0_0 .net "y", 0 0, L_0x5567f1f875f0;  alias, 1 drivers
v0x5567f1f70a50_0 .net "y2", 1 0, L_0x5567f1f87490;  1 drivers
L_0x5567f1f87490 .concat8 [ 1 1 0 0], L_0x5567f1f87320, L_0x5567f1f87150;
L_0x5567f1f87720 .part L_0x5567f1f87490, 1, 1;
L_0x5567f1f87860 .part L_0x5567f1f87490, 0, 1;
S_0x5567f1f6f820 .scope module, "dsut" "nand_gate" 2 20, 2 3 0, S_0x5567f1f6f5d0;
 .timescale -9 -9;
    .port_info 0 /INPUT 1 "a";
    .port_info 1 /INPUT 1 "b";
    .port_info 2 /OUTPUT 1 "y";
L_0x5567f1f875f0/d .functor NAND 1, L_0x5567f1f87720, L_0x5567f1f87860, C4<1>, C4<1>;
L_0x5567f1f875f0 .delay 1 (1,1,1) L_0x5567f1f875f0/d;
v0x5567f1f6fa90_0 .net "a", 0 0, L_0x5567f1f87720;  1 drivers
v0x5567f1f6fb70_0 .net "b", 0 0, L_0x5567f1f87860;  1 drivers
v0x5567f1f6fc30_0 .net "y", 0 0, L_0x5567f1f875f0;  alias, 1 drivers
S_0x5567f1f6fd80 .scope module, "dut" "nand_gate" 2 19, 2 3 0, S_0x5567f1f6f5d0;
 .timescale -9 -9;
    .port_info 0 /INPUT 1 "a";
    .port_info 1 /INPUT 1 "b";
    .port_info 2 /OUTPUT 1 "y";
L_0x5567f1f87320/d .functor NAND 1, L_0x5567f1f87a80, L_0x5567f1f87a80, C4<1>, C4<1>;
L_0x5567f1f87320 .delay 1 (1,1,1) L_0x5567f1f87320/d;
v0x5567f1f6ffb0_0 .net "a", 0 0, L_0x5567f1f87a80;  alias, 1 drivers
v0x5567f1f70090_0 .net "b", 0 0, L_0x5567f1f87a80;  alias, 1 drivers
v0x5567f1f70180_0 .net "y", 0 0, L_0x5567f1f87320;  1 drivers
S_0x5567f1f70290 .scope module, "uut" "nand_gate" 2 18, 2 3 0, S_0x5567f1f6f5d0;
 .timescale -9 -9;
    .port_info 0 /INPUT 1 "a";
    .port_info 1 /INPUT 1 "b";
    .port_info 2 /OUTPUT 1 "y";
L_0x5567f1f87150/d .functor NAND 1, L_0x5567f1f87950, L_0x5567f1f87950, C4<1>, C4<1>;
L_0x5567f1f87150 .delay 1 (1,1,1) L_0x5567f1f87150/d;
v0x5567f1f704f0_0 .net "a", 0 0, L_0x5567f1f87950;  alias, 1 drivers
v0x5567f1f705b0_0 .net "b", 0 0, L_0x5567f1f87950;  alias, 1 drivers
v0x5567f1f706a0_0 .net "y", 0 0, L_0x5567f1f87150;  1 drivers
S_0x5567f1f70b50 .scope module, "first_sum" "half_adder" 2 58, 2 36 0, S_0x5567f1f6f3c0;
 .timescale -9 -9;
    .port_info 0 /INPUT 1 "a";
    .port_info 1 /INPUT 1 "b";
    .port_info 2 /OUTPUT 2 "y";
v0x5567f1f73270_0 .net "a", 0 0, L_0x5567f1f87bb0;  alias, 1 drivers
v0x5567f1f733a0_0 .net "b", 0 0, L_0x5567f1f87c90;  alias, 1 drivers
v0x5567f1f734f0_0 .net "carry", 0 0, L_0x5567f1f85130;  1 drivers
v0x5567f1f73590_0 .net "y", 1 0, L_0x5567f1f85fc0;  alias, 1 drivers
L_0x5567f1f85fc0 .concat8 [ 1 1 0 0], L_0x5567f1f85b90, L_0x5567f1f85eb0;
S_0x5567f1f70d80 .scope module, "dut" "nand_gate" 2 45, 2 3 0, S_0x5567f1f70b50;
 .timescale -9 -9;
    .port_info 0 /INPUT 1 "a";
    .port_info 1 /INPUT 1 "b";
    .port_info 2 /OUTPUT 1 "y";
L_0x5567f1f85eb0/d .functor NAND 1, L_0x5567f1f85130, L_0x5567f1f85130, C4<1>, C4<1>;
L_0x5567f1f85eb0 .delay 1 (1,1,1) L_0x5567f1f85eb0/d;
v0x5567f1f70ff0_0 .net "a", 0 0, L_0x5567f1f85130;  alias, 1 drivers
v0x5567f1f710d0_0 .net "b", 0 0, L_0x5567f1f85130;  alias, 1 drivers
v0x5567f1f711c0_0 .net "y", 0 0, L_0x5567f1f85eb0;  1 drivers
S_0x5567f1f712d0 .scope module, "sum_gate" "xor_gate" 2 44, 2 23 0, S_0x5567f1f70b50;
 .timescale -9 -9;
    .port_info 0 /INPUT 1 "a";
    .port_info 1 /INPUT 1 "b";
    .port_info 2 /OUTPUT 1 "y";
v0x5567f1f729b0_0 .net "a", 0 0, L_0x5567f1f87bb0;  alias, 1 drivers
v0x5567f1f72aa0_0 .net "b", 0 0, L_0x5567f1f87c90;  alias, 1 drivers
v0x5567f1f72bb0_0 .net "y", 0 0, L_0x5567f1f85b90;  1 drivers
v0x5567f1f72c50_0 .net "y1", 2 0, L_0x5567f1f85a00;  1 drivers
L_0x5567f1f855b0 .part L_0x5567f1f85a00, 2, 1;
L_0x5567f1f858c0 .part L_0x5567f1f85a00, 2, 1;
L_0x5567f1f85a00 .concat8 [ 1 1 1 0], L_0x5567f1f856a0, L_0x5567f1f85390, L_0x5567f1f85280;
L_0x5567f1f85cf0 .part L_0x5567f1f85a00, 0, 1;
L_0x5567f1f85e10 .part L_0x5567f1f85a00, 1, 1;
S_0x5567f1f71500 .scope module, "dut" "nand_gate" 2 31, 2 3 0, S_0x5567f1f712d0;
 .timescale -9 -9;
    .port_info 0 /INPUT 1 "a";
    .port_info 1 /INPUT 1 "b";
    .port_info 2 /OUTPUT 1 "y";
L_0x5567f1f85390/d .functor NAND 1, L_0x5567f1f87bb0, L_0x5567f1f855b0, C4<1>, C4<1>;
L_0x5567f1f85390 .delay 1 (1,1,1) L_0x5567f1f85390/d;
v0x5567f1f71770_0 .net "a", 0 0, L_0x5567f1f87bb0;  alias, 1 drivers
v0x5567f1f71850_0 .net "b", 0 0, L_0x5567f1f855b0;  1 drivers
v0x5567f1f71910_0 .net "y", 0 0, L_0x5567f1f85390;  1 drivers
S_0x5567f1f71a60 .scope module, "fut" "nand_gate" 2 32, 2 3 0, S_0x5567f1f712d0;
 .timescale -9 -9;
    .port_info 0 /INPUT 1 "a";
    .port_info 1 /INPUT 1 "b";
    .port_info 2 /OUTPUT 1 "y";
L_0x5567f1f856a0/d .functor NAND 1, L_0x5567f1f858c0, L_0x5567f1f87c90, C4<1>, C4<1>;
L_0x5567f1f856a0 .delay 1 (1,1,1) L_0x5567f1f856a0/d;
v0x5567f1f71c90_0 .net "a", 0 0, L_0x5567f1f858c0;  1 drivers
v0x5567f1f71d70_0 .net "b", 0 0, L_0x5567f1f87c90;  alias, 1 drivers
v0x5567f1f71e30_0 .net "y", 0 0, L_0x5567f1f856a0;  1 drivers
S_0x5567f1f71f80 .scope module, "ut" "nand_gate" 2 33, 2 3 0, S_0x5567f1f712d0;
 .timescale -9 -9;
    .port_info 0 /INPUT 1 "a";
    .port_info 1 /INPUT 1 "b";
    .port_info 2 /OUTPUT 1 "y";
L_0x5567f1f85b90/d .functor NAND 1, L_0x5567f1f85cf0, L_0x5567f1f85e10, C4<1>, C4<1>;
L_0x5567f1f85b90 .delay 1 (1,1,1) L_0x5567f1f85b90/d;
v0x5567f1f721e0_0 .net "a", 0 0, L_0x5567f1f85cf0;  1 drivers
v0x5567f1f722a0_0 .net "b", 0 0, L_0x5567f1f85e10;  1 drivers
v0x5567f1f72360_0 .net "y", 0 0, L_0x5567f1f85b90;  alias, 1 drivers
S_0x5567f1f724b0 .scope module, "uut" "nand_gate" 2 30, 2 3 0, S_0x5567f1f712d0;
 .timescale -9 -9;
    .port_info 0 /INPUT 1 "a";
    .port_info 1 /INPUT 1 "b";
    .port_info 2 /OUTPUT 1 "y";
L_0x5567f1f85280/d .functor NAND 1, L_0x5567f1f87bb0, L_0x5567f1f87c90, C4<1>, C4<1>;
L_0x5567f1f85280 .delay 1 (1,1,1) L_0x5567f1f85280/d;
v0x5567f1f726e0_0 .net "a", 0 0, L_0x5567f1f87bb0;  alias, 1 drivers
v0x5567f1f727d0_0 .net "b", 0 0, L_0x5567f1f87c90;  alias, 1 drivers
v0x5567f1f728a0_0 .net "y", 0 0, L_0x5567f1f85280;  1 drivers
S_0x5567f1f72d50 .scope module, "uut" "nand_gate" 2 43, 2 3 0, S_0x5567f1f70b50;
 .timescale -9 -9;
    .port_info 0 /INPUT 1 "a";
    .port_info 1 /INPUT 1 "b";
    .port_info 2 /OUTPUT 1 "y";
L_0x5567f1f85130/d .functor NAND 1, L_0x5567f1f87bb0, L_0x5567f1f87c90, C4<1>, C4<1>;
L_0x5567f1f85130 .delay 1 (1,1,1) L_0x5567f1f85130/d;
v0x5567f1f72fb0_0 .net "a", 0 0, L_0x5567f1f87bb0;  alias, 1 drivers
v0x5567f1f73050_0 .net "b", 0 0, L_0x5567f1f87c90;  alias, 1 drivers
v0x5567f1f73110_0 .net "y", 0 0, L_0x5567f1f85130;  alias, 1 drivers
S_0x5567f1f736b0 .scope module, "second_sum" "half_adder" 2 59, 2 36 0, S_0x5567f1f6f3c0;
 .timescale -9 -9;
    .port_info 0 /INPUT 1 "a";
    .port_info 1 /INPUT 1 "b";
    .port_info 2 /OUTPUT 2 "y";
v0x5567f1f75d40_0 .net "a", 0 0, L_0x5567f1f86ff0;  1 drivers
v0x5567f1f75e70_0 .net "b", 0 0, L_0x5567f1f87d30;  alias, 1 drivers
v0x5567f1f75fc0_0 .net "carry", 0 0, L_0x5567f1f86120;  1 drivers
v0x5567f1f76060_0 .net "y", 1 0, L_0x5567f1f86e90;  alias, 1 drivers
L_0x5567f1f86e90 .concat8 [ 1 1 0 0], L_0x5567f1f86a60, L_0x5567f1f86d80;
S_0x5567f1f73870 .scope module, "dut" "nand_gate" 2 45, 2 3 0, S_0x5567f1f736b0;
 .timescale -9 -9;
    .port_info 0 /INPUT 1 "a";
    .port_info 1 /INPUT 1 "b";
    .port_info 2 /OUTPUT 1 "y";
L_0x5567f1f86d80/d .functor NAND 1, L_0x5567f1f86120, L_0x5567f1f86120, C4<1>, C4<1>;
L_0x5567f1f86d80 .delay 1 (1,1,1) L_0x5567f1f86d80/d;
v0x5567f1f73ac0_0 .net "a", 0 0, L_0x5567f1f86120;  alias, 1 drivers
v0x5567f1f73ba0_0 .net "b", 0 0, L_0x5567f1f86120;  alias, 1 drivers
v0x5567f1f73c90_0 .net "y", 0 0, L_0x5567f1f86d80;  1 drivers
S_0x5567f1f73da0 .scope module, "sum_gate" "xor_gate" 2 44, 2 23 0, S_0x5567f1f736b0;
 .timescale -9 -9;
    .port_info 0 /INPUT 1 "a";
    .port_info 1 /INPUT 1 "b";
    .port_info 2 /OUTPUT 1 "y";
v0x5567f1f75480_0 .net "a", 0 0, L_0x5567f1f86ff0;  alias, 1 drivers
v0x5567f1f75570_0 .net "b", 0 0, L_0x5567f1f87d30;  alias, 1 drivers
v0x5567f1f75680_0 .net "y", 0 0, L_0x5567f1f86a60;  1 drivers
v0x5567f1f75720_0 .net "y1", 2 0, L_0x5567f1f868d0;  1 drivers
L_0x5567f1f86480 .part L_0x5567f1f868d0, 2, 1;
L_0x5567f1f86790 .part L_0x5567f1f868d0, 2, 1;
L_0x5567f1f868d0 .concat8 [ 1 1 1 0], L_0x5567f1f86570, L_0x5567f1f86350, L_0x5567f1f86220;
L_0x5567f1f86bc0 .part L_0x5567f1f868d0, 0, 1;
L_0x5567f1f86ce0 .part L_0x5567f1f868d0, 1, 1;
S_0x5567f1f73fd0 .scope module, "dut" "nand_gate" 2 31, 2 3 0, S_0x5567f1f73da0;
 .timescale -9 -9;
    .port_info 0 /INPUT 1 "a";
    .port_info 1 /INPUT 1 "b";
    .port_info 2 /OUTPUT 1 "y";
L_0x5567f1f86350/d .functor NAND 1, L_0x5567f1f86ff0, L_0x5567f1f86480, C4<1>, C4<1>;
L_0x5567f1f86350 .delay 1 (1,1,1) L_0x5567f1f86350/d;
v0x5567f1f74240_0 .net "a", 0 0, L_0x5567f1f86ff0;  alias, 1 drivers
v0x5567f1f74320_0 .net "b", 0 0, L_0x5567f1f86480;  1 drivers
v0x5567f1f743e0_0 .net "y", 0 0, L_0x5567f1f86350;  1 drivers
S_0x5567f1f74530 .scope module, "fut" "nand_gate" 2 32, 2 3 0, S_0x5567f1f73da0;
 .timescale -9 -9;
    .port_info 0 /INPUT 1 "a";
    .port_info 1 /INPUT 1 "b";
    .port_info 2 /OUTPUT 1 "y";
L_0x5567f1f86570/d .functor NAND 1, L_0x5567f1f86790, L_0x5567f1f87d30, C4<1>, C4<1>;
L_0x5567f1f86570 .delay 1 (1,1,1) L_0x5567f1f86570/d;
v0x5567f1f74760_0 .net "a", 0 0, L_0x5567f1f86790;  1 drivers
v0x5567f1f74840_0 .net "b", 0 0, L_0x5567f1f87d30;  alias, 1 drivers
v0x5567f1f74900_0 .net "y", 0 0, L_0x5567f1f86570;  1 drivers
S_0x5567f1f74a50 .scope module, "ut" "nand_gate" 2 33, 2 3 0, S_0x5567f1f73da0;
 .timescale -9 -9;
    .port_info 0 /INPUT 1 "a";
    .port_info 1 /INPUT 1 "b";
    .port_info 2 /OUTPUT 1 "y";
L_0x5567f1f86a60/d .functor NAND 1, L_0x5567f1f86bc0, L_0x5567f1f86ce0, C4<1>, C4<1>;
L_0x5567f1f86a60 .delay 1 (1,1,1) L_0x5567f1f86a60/d;
v0x5567f1f74cb0_0 .net "a", 0 0, L_0x5567f1f86bc0;  1 drivers
v0x5567f1f74d70_0 .net "b", 0 0, L_0x5567f1f86ce0;  1 drivers
v0x5567f1f74e30_0 .net "y", 0 0, L_0x5567f1f86a60;  alias, 1 drivers
S_0x5567f1f74f80 .scope module, "uut" "nand_gate" 2 30, 2 3 0, S_0x5567f1f73da0;
 .timescale -9 -9;
    .port_info 0 /INPUT 1 "a";
    .port_info 1 /INPUT 1 "b";
    .port_info 2 /OUTPUT 1 "y";
L_0x5567f1f86220/d .functor NAND 1, L_0x5567f1f86ff0, L_0x5567f1f87d30, C4<1>, C4<1>;
L_0x5567f1f86220 .delay 1 (1,1,1) L_0x5567f1f86220/d;
v0x5567f1f751b0_0 .net "a", 0 0, L_0x5567f1f86ff0;  alias, 1 drivers
v0x5567f1f752a0_0 .net "b", 0 0, L_0x5567f1f87d30;  alias, 1 drivers
v0x5567f1f75370_0 .net "y", 0 0, L_0x5567f1f86220;  1 drivers
S_0x5567f1f75820 .scope module, "uut" "nand_gate" 2 43, 2 3 0, S_0x5567f1f736b0;
 .timescale -9 -9;
    .port_info 0 /INPUT 1 "a";
    .port_info 1 /INPUT 1 "b";
    .port_info 2 /OUTPUT 1 "y";
L_0x5567f1f86120/d .functor NAND 1, L_0x5567f1f86ff0, L_0x5567f1f87d30, C4<1>, C4<1>;
L_0x5567f1f86120 .delay 1 (1,1,1) L_0x5567f1f86120/d;
v0x5567f1f75a80_0 .net "a", 0 0, L_0x5567f1f86ff0;  alias, 1 drivers
v0x5567f1f75b20_0 .net "b", 0 0, L_0x5567f1f87d30;  alias, 1 drivers
v0x5567f1f75be0_0 .net "y", 0 0, L_0x5567f1f86120;  alias, 1 drivers
S_0x5567f1f766e0 .scope module, "fa3" "full_adder" 2 76, 2 48 0, S_0x5567f1f4de70;
 .timescale -9 -9;
    .port_info 0 /INPUT 1 "a";
    .port_info 1 /INPUT 1 "b";
    .port_info 2 /INPUT 1 "ck_1";
    .port_info 3 /OUTPUT 1 "sum";
    .port_info 4 /OUTPUT 1 "carry_out";
v0x5567f1f7d490_0 .net "a", 0 0, L_0x5567f1f8a9c0;  1 drivers
v0x5567f1f7d530_0 .net "b", 0 0, L_0x5567f1f8ab50;  1 drivers
v0x5567f1f7d5f0_0 .net "carry_out", 0 0, L_0x5567f1f8a400;  alias, 1 drivers
v0x5567f1f7d6c0_0 .net "ck_1", 0 0, L_0x5567f1f8ac80;  1 drivers
v0x5567f1f7d760_0 .net "result", 1 0, L_0x5567f1f89ca0;  1 drivers
v0x5567f1f7d800_0 .net "sum", 0 0, L_0x5567f1f89ec0;  1 drivers
v0x5567f1f7d8a0_0 .net "y", 1 0, L_0x5567f1f88dd0;  1 drivers
L_0x5567f1f89e00 .part L_0x5567f1f88dd0, 0, 1;
L_0x5567f1f89ec0 .part L_0x5567f1f89ca0, 0, 1;
L_0x5567f1f8a760 .part L_0x5567f1f88dd0, 1, 1;
L_0x5567f1f8a890 .part L_0x5567f1f89ca0, 1, 1;
S_0x5567f1f768c0 .scope module, "carry" "or_gate" 2 62, 2 11 0, S_0x5567f1f766e0;
 .timescale -9 -9;
    .port_info 0 /INPUT 1 "a";
    .port_info 1 /INPUT 1 "b";
    .port_info 2 /OUTPUT 1 "y";
v0x5567f1f77ac0_0 .net "a", 0 0, L_0x5567f1f8a760;  1 drivers
v0x5567f1f77bb0_0 .net "b", 0 0, L_0x5567f1f8a890;  1 drivers
v0x5567f1f77cc0_0 .net "y", 0 0, L_0x5567f1f8a400;  alias, 1 drivers
v0x5567f1f77d60_0 .net "y2", 1 0, L_0x5567f1f8a2a0;  1 drivers
L_0x5567f1f8a2a0 .concat8 [ 1 1 0 0], L_0x5567f1f8a130, L_0x5567f1f89f60;
L_0x5567f1f8a530 .part L_0x5567f1f8a2a0, 1, 1;
L_0x5567f1f8a670 .part L_0x5567f1f8a2a0, 0, 1;
S_0x5567f1f76b30 .scope module, "dsut" "nand_gate" 2 20, 2 3 0, S_0x5567f1f768c0;
 .timescale -9 -9;
    .port_info 0 /INPUT 1 "a";
    .port_info 1 /INPUT 1 "b";
    .port_info 2 /OUTPUT 1 "y";
L_0x5567f1f8a400/d .functor NAND 1, L_0x5567f1f8a530, L_0x5567f1f8a670, C4<1>, C4<1>;
L_0x5567f1f8a400 .delay 1 (1,1,1) L_0x5567f1f8a400/d;
v0x5567f1f76da0_0 .net "a", 0 0, L_0x5567f1f8a530;  1 drivers
v0x5567f1f76e80_0 .net "b", 0 0, L_0x5567f1f8a670;  1 drivers
v0x5567f1f76f40_0 .net "y", 0 0, L_0x5567f1f8a400;  alias, 1 drivers
S_0x5567f1f77090 .scope module, "dut" "nand_gate" 2 19, 2 3 0, S_0x5567f1f768c0;
 .timescale -9 -9;
    .port_info 0 /INPUT 1 "a";
    .port_info 1 /INPUT 1 "b";
    .port_info 2 /OUTPUT 1 "y";
L_0x5567f1f8a130/d .functor NAND 1, L_0x5567f1f8a890, L_0x5567f1f8a890, C4<1>, C4<1>;
L_0x5567f1f8a130 .delay 1 (1,1,1) L_0x5567f1f8a130/d;
v0x5567f1f772c0_0 .net "a", 0 0, L_0x5567f1f8a890;  alias, 1 drivers
v0x5567f1f773a0_0 .net "b", 0 0, L_0x5567f1f8a890;  alias, 1 drivers
v0x5567f1f77490_0 .net "y", 0 0, L_0x5567f1f8a130;  1 drivers
S_0x5567f1f775a0 .scope module, "uut" "nand_gate" 2 18, 2 3 0, S_0x5567f1f768c0;
 .timescale -9 -9;
    .port_info 0 /INPUT 1 "a";
    .port_info 1 /INPUT 1 "b";
    .port_info 2 /OUTPUT 1 "y";
L_0x5567f1f89f60/d .functor NAND 1, L_0x5567f1f8a760, L_0x5567f1f8a760, C4<1>, C4<1>;
L_0x5567f1f89f60 .delay 1 (1,1,1) L_0x5567f1f89f60/d;
v0x5567f1f77800_0 .net "a", 0 0, L_0x5567f1f8a760;  alias, 1 drivers
v0x5567f1f778c0_0 .net "b", 0 0, L_0x5567f1f8a760;  alias, 1 drivers
v0x5567f1f779b0_0 .net "y", 0 0, L_0x5567f1f89f60;  1 drivers
S_0x5567f1f77e60 .scope module, "first_sum" "half_adder" 2 58, 2 36 0, S_0x5567f1f766e0;
 .timescale -9 -9;
    .port_info 0 /INPUT 1 "a";
    .port_info 1 /INPUT 1 "b";
    .port_info 2 /OUTPUT 2 "y";
v0x5567f1f7a580_0 .net "a", 0 0, L_0x5567f1f8a9c0;  alias, 1 drivers
v0x5567f1f7a6b0_0 .net "b", 0 0, L_0x5567f1f8ab50;  alias, 1 drivers
v0x5567f1f7a800_0 .net "carry", 0 0, L_0x5567f1f88070;  1 drivers
v0x5567f1f7a8a0_0 .net "y", 1 0, L_0x5567f1f88dd0;  alias, 1 drivers
L_0x5567f1f88dd0 .concat8 [ 1 1 0 0], L_0x5567f1f889d0, L_0x5567f1f88cc0;
S_0x5567f1f78090 .scope module, "dut" "nand_gate" 2 45, 2 3 0, S_0x5567f1f77e60;
 .timescale -9 -9;
    .port_info 0 /INPUT 1 "a";
    .port_info 1 /INPUT 1 "b";
    .port_info 2 /OUTPUT 1 "y";
L_0x5567f1f88cc0/d .functor NAND 1, L_0x5567f1f88070, L_0x5567f1f88070, C4<1>, C4<1>;
L_0x5567f1f88cc0 .delay 1 (1,1,1) L_0x5567f1f88cc0/d;
v0x5567f1f78300_0 .net "a", 0 0, L_0x5567f1f88070;  alias, 1 drivers
v0x5567f1f783e0_0 .net "b", 0 0, L_0x5567f1f88070;  alias, 1 drivers
v0x5567f1f784d0_0 .net "y", 0 0, L_0x5567f1f88cc0;  1 drivers
S_0x5567f1f785e0 .scope module, "sum_gate" "xor_gate" 2 44, 2 23 0, S_0x5567f1f77e60;
 .timescale -9 -9;
    .port_info 0 /INPUT 1 "a";
    .port_info 1 /INPUT 1 "b";
    .port_info 2 /OUTPUT 1 "y";
v0x5567f1f79cc0_0 .net "a", 0 0, L_0x5567f1f8a9c0;  alias, 1 drivers
v0x5567f1f79db0_0 .net "b", 0 0, L_0x5567f1f8ab50;  alias, 1 drivers
v0x5567f1f79ec0_0 .net "y", 0 0, L_0x5567f1f889d0;  1 drivers
v0x5567f1f79f60_0 .net "y1", 2 0, L_0x5567f1f88840;  1 drivers
L_0x5567f1f88490 .part L_0x5567f1f88840, 2, 1;
L_0x5567f1f88700 .part L_0x5567f1f88840, 2, 1;
L_0x5567f1f88840 .concat8 [ 1 1 1 0], L_0x5567f1f88530, L_0x5567f1f882a0, L_0x5567f1f881c0;
L_0x5567f1f88b30 .part L_0x5567f1f88840, 0, 1;
L_0x5567f1f88c20 .part L_0x5567f1f88840, 1, 1;
S_0x5567f1f78810 .scope module, "dut" "nand_gate" 2 31, 2 3 0, S_0x5567f1f785e0;
 .timescale -9 -9;
    .port_info 0 /INPUT 1 "a";
    .port_info 1 /INPUT 1 "b";
    .port_info 2 /OUTPUT 1 "y";
L_0x5567f1f882a0/d .functor NAND 1, L_0x5567f1f8a9c0, L_0x5567f1f88490, C4<1>, C4<1>;
L_0x5567f1f882a0 .delay 1 (1,1,1) L_0x5567f1f882a0/d;
v0x5567f1f78a80_0 .net "a", 0 0, L_0x5567f1f8a9c0;  alias, 1 drivers
v0x5567f1f78b60_0 .net "b", 0 0, L_0x5567f1f88490;  1 drivers
v0x5567f1f78c20_0 .net "y", 0 0, L_0x5567f1f882a0;  1 drivers
S_0x5567f1f78d70 .scope module, "fut" "nand_gate" 2 32, 2 3 0, S_0x5567f1f785e0;
 .timescale -9 -9;
    .port_info 0 /INPUT 1 "a";
    .port_info 1 /INPUT 1 "b";
    .port_info 2 /OUTPUT 1 "y";
L_0x5567f1f88530/d .functor NAND 1, L_0x5567f1f88700, L_0x5567f1f8ab50, C4<1>, C4<1>;
L_0x5567f1f88530 .delay 1 (1,1,1) L_0x5567f1f88530/d;
v0x5567f1f78fa0_0 .net "a", 0 0, L_0x5567f1f88700;  1 drivers
v0x5567f1f79080_0 .net "b", 0 0, L_0x5567f1f8ab50;  alias, 1 drivers
v0x5567f1f79140_0 .net "y", 0 0, L_0x5567f1f88530;  1 drivers
S_0x5567f1f79290 .scope module, "ut" "nand_gate" 2 33, 2 3 0, S_0x5567f1f785e0;
 .timescale -9 -9;
    .port_info 0 /INPUT 1 "a";
    .port_info 1 /INPUT 1 "b";
    .port_info 2 /OUTPUT 1 "y";
L_0x5567f1f889d0/d .functor NAND 1, L_0x5567f1f88b30, L_0x5567f1f88c20, C4<1>, C4<1>;
L_0x5567f1f889d0 .delay 1 (1,1,1) L_0x5567f1f889d0/d;
v0x5567f1f794f0_0 .net "a", 0 0, L_0x5567f1f88b30;  1 drivers
v0x5567f1f795b0_0 .net "b", 0 0, L_0x5567f1f88c20;  1 drivers
v0x5567f1f79670_0 .net "y", 0 0, L_0x5567f1f889d0;  alias, 1 drivers
S_0x5567f1f797c0 .scope module, "uut" "nand_gate" 2 30, 2 3 0, S_0x5567f1f785e0;
 .timescale -9 -9;
    .port_info 0 /INPUT 1 "a";
    .port_info 1 /INPUT 1 "b";
    .port_info 2 /OUTPUT 1 "y";
L_0x5567f1f881c0/d .functor NAND 1, L_0x5567f1f8a9c0, L_0x5567f1f8ab50, C4<1>, C4<1>;
L_0x5567f1f881c0 .delay 1 (1,1,1) L_0x5567f1f881c0/d;
v0x5567f1f799f0_0 .net "a", 0 0, L_0x5567f1f8a9c0;  alias, 1 drivers
v0x5567f1f79ae0_0 .net "b", 0 0, L_0x5567f1f8ab50;  alias, 1 drivers
v0x5567f1f79bb0_0 .net "y", 0 0, L_0x5567f1f881c0;  1 drivers
S_0x5567f1f7a060 .scope module, "uut" "nand_gate" 2 43, 2 3 0, S_0x5567f1f77e60;
 .timescale -9 -9;
    .port_info 0 /INPUT 1 "a";
    .port_info 1 /INPUT 1 "b";
    .port_info 2 /OUTPUT 1 "y";
L_0x5567f1f88070/d .functor NAND 1, L_0x5567f1f8a9c0, L_0x5567f1f8ab50, C4<1>, C4<1>;
L_0x5567f1f88070 .delay 1 (1,1,1) L_0x5567f1f88070/d;
v0x5567f1f7a2c0_0 .net "a", 0 0, L_0x5567f1f8a9c0;  alias, 1 drivers
v0x5567f1f7a360_0 .net "b", 0 0, L_0x5567f1f8ab50;  alias, 1 drivers
v0x5567f1f7a420_0 .net "y", 0 0, L_0x5567f1f88070;  alias, 1 drivers
S_0x5567f1f7a9c0 .scope module, "second_sum" "half_adder" 2 59, 2 36 0, S_0x5567f1f766e0;
 .timescale -9 -9;
    .port_info 0 /INPUT 1 "a";
    .port_info 1 /INPUT 1 "b";
    .port_info 2 /OUTPUT 2 "y";
v0x5567f1f7d050_0 .net "a", 0 0, L_0x5567f1f89e00;  1 drivers
v0x5567f1f7d180_0 .net "b", 0 0, L_0x5567f1f8ac80;  alias, 1 drivers
v0x5567f1f7d2d0_0 .net "carry", 0 0, L_0x5567f1f88f30;  1 drivers
v0x5567f1f7d370_0 .net "y", 1 0, L_0x5567f1f89ca0;  alias, 1 drivers
L_0x5567f1f89ca0 .concat8 [ 1 1 0 0], L_0x5567f1f89870, L_0x5567f1f89b90;
S_0x5567f1f7ab80 .scope module, "dut" "nand_gate" 2 45, 2 3 0, S_0x5567f1f7a9c0;
 .timescale -9 -9;
    .port_info 0 /INPUT 1 "a";
    .port_info 1 /INPUT 1 "b";
    .port_info 2 /OUTPUT 1 "y";
L_0x5567f1f89b90/d .functor NAND 1, L_0x5567f1f88f30, L_0x5567f1f88f30, C4<1>, C4<1>;
L_0x5567f1f89b90 .delay 1 (1,1,1) L_0x5567f1f89b90/d;
v0x5567f1f7add0_0 .net "a", 0 0, L_0x5567f1f88f30;  alias, 1 drivers
v0x5567f1f7aeb0_0 .net "b", 0 0, L_0x5567f1f88f30;  alias, 1 drivers
v0x5567f1f7afa0_0 .net "y", 0 0, L_0x5567f1f89b90;  1 drivers
S_0x5567f1f7b0b0 .scope module, "sum_gate" "xor_gate" 2 44, 2 23 0, S_0x5567f1f7a9c0;
 .timescale -9 -9;
    .port_info 0 /INPUT 1 "a";
    .port_info 1 /INPUT 1 "b";
    .port_info 2 /OUTPUT 1 "y";
v0x5567f1f7c790_0 .net "a", 0 0, L_0x5567f1f89e00;  alias, 1 drivers
v0x5567f1f7c880_0 .net "b", 0 0, L_0x5567f1f8ac80;  alias, 1 drivers
v0x5567f1f7c990_0 .net "y", 0 0, L_0x5567f1f89870;  1 drivers
v0x5567f1f7ca30_0 .net "y1", 2 0, L_0x5567f1f896e0;  1 drivers
L_0x5567f1f89290 .part L_0x5567f1f896e0, 2, 1;
L_0x5567f1f895a0 .part L_0x5567f1f896e0, 2, 1;
L_0x5567f1f896e0 .concat8 [ 1 1 1 0], L_0x5567f1f89380, L_0x5567f1f89160, L_0x5567f1f89030;
L_0x5567f1f899d0 .part L_0x5567f1f896e0, 0, 1;
L_0x5567f1f89af0 .part L_0x5567f1f896e0, 1, 1;
S_0x5567f1f7b2e0 .scope module, "dut" "nand_gate" 2 31, 2 3 0, S_0x5567f1f7b0b0;
 .timescale -9 -9;
    .port_info 0 /INPUT 1 "a";
    .port_info 1 /INPUT 1 "b";
    .port_info 2 /OUTPUT 1 "y";
L_0x5567f1f89160/d .functor NAND 1, L_0x5567f1f89e00, L_0x5567f1f89290, C4<1>, C4<1>;
L_0x5567f1f89160 .delay 1 (1,1,1) L_0x5567f1f89160/d;
v0x5567f1f7b550_0 .net "a", 0 0, L_0x5567f1f89e00;  alias, 1 drivers
v0x5567f1f7b630_0 .net "b", 0 0, L_0x5567f1f89290;  1 drivers
v0x5567f1f7b6f0_0 .net "y", 0 0, L_0x5567f1f89160;  1 drivers
S_0x5567f1f7b840 .scope module, "fut" "nand_gate" 2 32, 2 3 0, S_0x5567f1f7b0b0;
 .timescale -9 -9;
    .port_info 0 /INPUT 1 "a";
    .port_info 1 /INPUT 1 "b";
    .port_info 2 /OUTPUT 1 "y";
L_0x5567f1f89380/d .functor NAND 1, L_0x5567f1f895a0, L_0x5567f1f8ac80, C4<1>, C4<1>;
L_0x5567f1f89380 .delay 1 (1,1,1) L_0x5567f1f89380/d;
v0x5567f1f7ba70_0 .net "a", 0 0, L_0x5567f1f895a0;  1 drivers
v0x5567f1f7bb50_0 .net "b", 0 0, L_0x5567f1f8ac80;  alias, 1 drivers
v0x5567f1f7bc10_0 .net "y", 0 0, L_0x5567f1f89380;  1 drivers
S_0x5567f1f7bd60 .scope module, "ut" "nand_gate" 2 33, 2 3 0, S_0x5567f1f7b0b0;
 .timescale -9 -9;
    .port_info 0 /INPUT 1 "a";
    .port_info 1 /INPUT 1 "b";
    .port_info 2 /OUTPUT 1 "y";
L_0x5567f1f89870/d .functor NAND 1, L_0x5567f1f899d0, L_0x5567f1f89af0, C4<1>, C4<1>;
L_0x5567f1f89870 .delay 1 (1,1,1) L_0x5567f1f89870/d;
v0x5567f1f7bfc0_0 .net "a", 0 0, L_0x5567f1f899d0;  1 drivers
v0x5567f1f7c080_0 .net "b", 0 0, L_0x5567f1f89af0;  1 drivers
v0x5567f1f7c140_0 .net "y", 0 0, L_0x5567f1f89870;  alias, 1 drivers
S_0x5567f1f7c290 .scope module, "uut" "nand_gate" 2 30, 2 3 0, S_0x5567f1f7b0b0;
 .timescale -9 -9;
    .port_info 0 /INPUT 1 "a";
    .port_info 1 /INPUT 1 "b";
    .port_info 2 /OUTPUT 1 "y";
L_0x5567f1f89030/d .functor NAND 1, L_0x5567f1f89e00, L_0x5567f1f8ac80, C4<1>, C4<1>;
L_0x5567f1f89030 .delay 1 (1,1,1) L_0x5567f1f89030/d;
v0x5567f1f7c4c0_0 .net "a", 0 0, L_0x5567f1f89e00;  alias, 1 drivers
v0x5567f1f7c5b0_0 .net "b", 0 0, L_0x5567f1f8ac80;  alias, 1 drivers
v0x5567f1f7c680_0 .net "y", 0 0, L_0x5567f1f89030;  1 drivers
S_0x5567f1f7cb30 .scope module, "uut" "nand_gate" 2 43, 2 3 0, S_0x5567f1f7a9c0;
 .timescale -9 -9;
    .port_info 0 /INPUT 1 "a";
    .port_info 1 /INPUT 1 "b";
    .port_info 2 /OUTPUT 1 "y";
L_0x5567f1f88f30/d .functor NAND 1, L_0x5567f1f89e00, L_0x5567f1f8ac80, C4<1>, C4<1>;
L_0x5567f1f88f30 .delay 1 (1,1,1) L_0x5567f1f88f30/d;
v0x5567f1f7cd90_0 .net "a", 0 0, L_0x5567f1f89e00;  alias, 1 drivers
v0x5567f1f7ce30_0 .net "b", 0 0, L_0x5567f1f8ac80;  alias, 1 drivers
v0x5567f1f7cef0_0 .net "y", 0 0, L_0x5567f1f88f30;  alias, 1 drivers
S_0x5567f1f7d9f0 .scope module, "overflow_logic" "xor_gate" 2 77, 2 23 0, S_0x5567f1f4de70;
 .timescale -9 -9;
    .port_info 0 /INPUT 1 "a";
    .port_info 1 /INPUT 1 "b";
    .port_info 2 /OUTPUT 1 "y";
v0x5567f1f7f140_0 .net "a", 0 0, L_0x5567f1f8a400;  alias, 1 drivers
v0x5567f1f7f1e0_0 .net "b", 0 0, L_0x5567f1f8b900;  1 drivers
v0x5567f1f7f2a0_0 .net "y", 0 0, L_0x5567f1f8b5d0;  alias, 1 drivers
v0x5567f1f7f370_0 .net "y1", 2 0, L_0x5567f1f8b440;  1 drivers
L_0x5567f1f8b150 .part L_0x5567f1f8b440, 2, 1;
L_0x5567f1f8b300 .part L_0x5567f1f8b440, 2, 1;
L_0x5567f1f8b440 .concat8 [ 1 1 1 0], L_0x5567f1f8b240, L_0x5567f1f8b090, L_0x5567f1f8aec0;
L_0x5567f1f8b6e0 .part L_0x5567f1f8b440, 0, 1;
L_0x5567f1f8b860 .part L_0x5567f1f8b440, 1, 1;
S_0x5567f1f7dc90 .scope module, "dut" "nand_gate" 2 31, 2 3 0, S_0x5567f1f7d9f0;
 .timescale -9 -9;
    .port_info 0 /INPUT 1 "a";
    .port_info 1 /INPUT 1 "b";
    .port_info 2 /OUTPUT 1 "y";
L_0x5567f1f8b090/d .functor NAND 1, L_0x5567f1f8a400, L_0x5567f1f8b150, C4<1>, C4<1>;
L_0x5567f1f8b090 .delay 1 (1,1,1) L_0x5567f1f8b090/d;
v0x5567f1f7df00_0 .net "a", 0 0, L_0x5567f1f8a400;  alias, 1 drivers
v0x5567f1f7dfc0_0 .net "b", 0 0, L_0x5567f1f8b150;  1 drivers
v0x5567f1f7e080_0 .net "y", 0 0, L_0x5567f1f8b090;  1 drivers
S_0x5567f1f7e1a0 .scope module, "fut" "nand_gate" 2 32, 2 3 0, S_0x5567f1f7d9f0;
 .timescale -9 -9;
    .port_info 0 /INPUT 1 "a";
    .port_info 1 /INPUT 1 "b";
    .port_info 2 /OUTPUT 1 "y";
L_0x5567f1f8b240/d .functor NAND 1, L_0x5567f1f8b300, L_0x5567f1f8b900, C4<1>, C4<1>;
L_0x5567f1f8b240 .delay 1 (1,1,1) L_0x5567f1f8b240/d;
v0x5567f1f7e3d0_0 .net "a", 0 0, L_0x5567f1f8b300;  1 drivers
v0x5567f1f7e4b0_0 .net "b", 0 0, L_0x5567f1f8b900;  alias, 1 drivers
v0x5567f1f7e570_0 .net "y", 0 0, L_0x5567f1f8b240;  1 drivers
S_0x5567f1f7e690 .scope module, "ut" "nand_gate" 2 33, 2 3 0, S_0x5567f1f7d9f0;
 .timescale -9 -9;
    .port_info 0 /INPUT 1 "a";
    .port_info 1 /INPUT 1 "b";
    .port_info 2 /OUTPUT 1 "y";
L_0x5567f1f8b5d0/d .functor NAND 1, L_0x5567f1f8b6e0, L_0x5567f1f8b860, C4<1>, C4<1>;
L_0x5567f1f8b5d0 .delay 1 (1,1,1) L_0x5567f1f8b5d0/d;
v0x5567f1f7e8f0_0 .net "a", 0 0, L_0x5567f1f8b6e0;  1 drivers
v0x5567f1f7e9b0_0 .net "b", 0 0, L_0x5567f1f8b860;  1 drivers
v0x5567f1f7ea70_0 .net "y", 0 0, L_0x5567f1f8b5d0;  alias, 1 drivers
S_0x5567f1f7ebc0 .scope module, "uut" "nand_gate" 2 30, 2 3 0, S_0x5567f1f7d9f0;
 .timescale -9 -9;
    .port_info 0 /INPUT 1 "a";
    .port_info 1 /INPUT 1 "b";
    .port_info 2 /OUTPUT 1 "y";
L_0x5567f1f8aec0/d .functor NAND 1, L_0x5567f1f8a400, L_0x5567f1f8b900, C4<1>, C4<1>;
L_0x5567f1f8aec0 .delay 1 (1,1,1) L_0x5567f1f8aec0/d;
v0x5567f1f7edf0_0 .net "a", 0 0, L_0x5567f1f8a400;  alias, 1 drivers
v0x5567f1f7ef40_0 .net "b", 0 0, L_0x5567f1f8b900;  alias, 1 drivers
v0x5567f1f7f030_0 .net "y", 0 0, L_0x5567f1f8aec0;  1 drivers
    .scope S_0x5567f1f4de70;
T_0 ;
    %pushi/vec4 0, 0, 1;
    %store/vec4 v0x5567f1f7f720_0, 0, 1;
    %end;
    .thread T_0;
# The file index is used to find the file name in the following table.
:file_names 3;
    "N/A";
    "<interactive>";
    "ripplecarryadder.v";
