#! /c/Source/iverilog-install/bin/vvp
:ivl_version "12.0 (devel)" "(s20150603-1539-g2693dd32b)";
:ivl_delay_selection "TYPICAL";
:vpi_time_precision - 9;
:vpi_module "C:\iverilog\lib\ivl\system.vpi";
:vpi_module "C:\iverilog\lib\ivl\vhdl_sys.vpi";
:vpi_module "C:\iverilog\lib\ivl\vhdl_textio.vpi";
:vpi_module "C:\iverilog\lib\ivl\v2005_math.vpi";
:vpi_module "C:\iverilog\lib\ivl\va_math.vpi";
S_0000022b19c5fcc0 .scope module, "ripple_carry_adder_tb" "ripple_carry_adder_tb" 2 4;
 .timescale -9 -9;
v0000022b19cd14d0_0 .var "a", 3 0;
v0000022b19cd2650_0 .var "b", 3 0;
v0000022b19cd1930_0 .net "overflow", 0 0, L_0000022b19cdc0c0;  1 drivers
v0000022b19cd2970_0 .net "sum", 3 0, L_0000022b19cd3af0;  1 drivers
E_0000022b19c48360 .event anyedge, v0000022b19cd1570_0, v0000022b19cd19d0_0, v0000022b19cd37d0_0, v0000022b19cced00_0;
S_0000022b19bace90 .scope module, "uut" "ripple_carry_adder" 2 11, 3 65 0, S_0000022b19c5fcc0;
 .timescale -9 -9;
    .port_info 0 /INPUT 4 "a";
    .port_info 1 /INPUT 4 "b";
    .port_info 2 /OUTPUT 4 "sum";
    .port_info 3 /OUTPUT 1 "overflow";
v0000022b19cd1570_0 .net "a", 3 0, v0000022b19cd14d0_0;  1 drivers
v0000022b19cd19d0_0 .net "b", 3 0, v0000022b19cd2650_0;  1 drivers
v0000022b19cd3690_0 .net "carry", 2 0, L_0000022b19cd3c30;  1 drivers
v0000022b19cd23d0_0 .var "carry0", 0 0;
v0000022b19cd1ed0_0 .net "carry_out_of_last_fa", 0 0, L_0000022b19cdbb10;  1 drivers
v0000022b19cd26f0_0 .net "overflow", 0 0, L_0000022b19cdc0c0;  alias, 1 drivers
v0000022b19cd37d0_0 .net "sum", 3 0, L_0000022b19cd3af0;  alias, 1 drivers
L_0000022b19cd2790 .part v0000022b19cd14d0_0, 0, 1;
L_0000022b19cd2830 .part v0000022b19cd2650_0, 0, 1;
L_0000022b19cd2bf0 .part v0000022b19cd14d0_0, 1, 1;
L_0000022b19cd2c90 .part v0000022b19cd2650_0, 1, 1;
L_0000022b19cd2e70 .part L_0000022b19cd3c30, 0, 1;
L_0000022b19cd3b90 .part v0000022b19cd14d0_0, 2, 1;
L_0000022b19cd4f90 .part v0000022b19cd2650_0, 2, 1;
L_0000022b19cd4db0 .part L_0000022b19cd3c30, 1, 1;
L_0000022b19cd3c30 .concat8 [ 1 1 1 0], L_0000022b19c63390, L_0000022b19c63080, L_0000022b19cdb330;
L_0000022b19cd4590 .part v0000022b19cd14d0_0, 3, 1;
L_0000022b19cd4630 .part v0000022b19cd2650_0, 3, 1;
L_0000022b19cd4770 .part L_0000022b19cd3c30, 2, 1;
L_0000022b19cd3af0 .concat8 [ 1 1 1 1], L_0000022b19cd2470, L_0000022b19cd1d90, L_0000022b19cd49f0, L_0000022b19cd4450;
L_0000022b19ce0a10 .part L_0000022b19cd3c30, 2, 1;
S_0000022b19bad020 .scope module, "fa0" "full_adder" 3 73, 3 48 0, S_0000022b19bace90;
 .timescale -9 -9;
    .port_info 0 /INPUT 1 "a";
    .port_info 1 /INPUT 1 "b";
    .port_info 2 /INPUT 1 "ck_1";
    .port_info 3 /OUTPUT 1 "sum";
    .port_info 4 /OUTPUT 1 "carry_out";
v0000022b19cb68b0_0 .net "a", 0 0, L_0000022b19cd2790;  1 drivers
v0000022b19cb5eb0_0 .net "b", 0 0, L_0000022b19cd2830;  1 drivers
v0000022b19cb59b0_0 .net "carry_out", 0 0, L_0000022b19c63390;  1 drivers
v0000022b19cb6db0_0 .net "ck_1", 0 0, v0000022b19cd23d0_0;  1 drivers
v0000022b19cb57d0_0 .net "result", 1 0, L_0000022b19cd28d0;  1 drivers
v0000022b19cb6f90_0 .net "sum", 0 0, L_0000022b19cd2470;  1 drivers
v0000022b19cb5690_0 .net "y", 1 0, L_0000022b19cd1f70;  1 drivers
L_0000022b19cd1b10 .part L_0000022b19cd1f70, 0, 1;
L_0000022b19cd2470 .part L_0000022b19cd28d0, 0, 1;
L_0000022b19cd1390 .part L_0000022b19cd1f70, 1, 1;
L_0000022b19cd1750 .part L_0000022b19cd28d0, 1, 1;
S_0000022b19c01aa0 .scope module, "carry" "or_gate" 3 62, 3 11 0, S_0000022b19bad020;
 .timescale -9 -9;
    .port_info 0 /INPUT 1 "a";
    .port_info 1 /INPUT 1 "b";
    .port_info 2 /OUTPUT 1 "y";
v0000022b19cac200_0 .net "a", 0 0, L_0000022b19cd1390;  1 drivers
v0000022b19cac160_0 .net "b", 0 0, L_0000022b19cd1750;  1 drivers
v0000022b19cac980_0 .net "y", 0 0, L_0000022b19c63390;  alias, 1 drivers
v0000022b19cacfc0_0 .net "y2", 1 0, L_0000022b19cd11b0;  1 drivers
L_0000022b19cd11b0 .concat8 [ 1 1 0 0], L_0000022b19c62f30, L_0000022b19c634e0;
L_0000022b19cd25b0 .part L_0000022b19cd11b0, 1, 1;
L_0000022b19cd2a10 .part L_0000022b19cd11b0, 0, 1;
S_0000022b19c01c30 .scope module, "dsut" "nand_gate" 3 20, 3 3 0, S_0000022b19c01aa0;
 .timescale -9 -9;
    .port_info 0 /INPUT 1 "a";
    .port_info 1 /INPUT 1 "b";
    .port_info 2 /OUTPUT 1 "y";
L_0000022b19c63390/d .functor NAND 1, L_0000022b19cd25b0, L_0000022b19cd2a10, C4<1>, C4<1>;
L_0000022b19c63390 .delay 1 (1,1,1) L_0000022b19c63390/d;
v0000022b19c3f260_0 .net "a", 0 0, L_0000022b19cd25b0;  1 drivers
v0000022b19c44610_0 .net "b", 0 0, L_0000022b19cd2a10;  1 drivers
v0000022b19c42a90_0 .net "y", 0 0, L_0000022b19c63390;  alias, 1 drivers
S_0000022b19bf5910 .scope module, "dut" "nand_gate" 3 19, 3 3 0, S_0000022b19c01aa0;
 .timescale -9 -9;
    .port_info 0 /INPUT 1 "a";
    .port_info 1 /INPUT 1 "b";
    .port_info 2 /OUTPUT 1 "y";
L_0000022b19c62f30/d .functor NAND 1, L_0000022b19cd1750, L_0000022b19cd1750, C4<1>, C4<1>;
L_0000022b19c62f30 .delay 1 (1,1,1) L_0000022b19c62f30/d;
v0000022b19cac0c0_0 .net "a", 0 0, L_0000022b19cd1750;  alias, 1 drivers
v0000022b19cad380_0 .net "b", 0 0, L_0000022b19cd1750;  alias, 1 drivers
v0000022b19cad7e0_0 .net "y", 0 0, L_0000022b19c62f30;  1 drivers
S_0000022b19bf5aa0 .scope module, "uut" "nand_gate" 3 18, 3 3 0, S_0000022b19c01aa0;
 .timescale -9 -9;
    .port_info 0 /INPUT 1 "a";
    .port_info 1 /INPUT 1 "b";
    .port_info 2 /OUTPUT 1 "y";
L_0000022b19c634e0/d .functor NAND 1, L_0000022b19cd1390, L_0000022b19cd1390, C4<1>, C4<1>;
L_0000022b19c634e0 .delay 1 (1,1,1) L_0000022b19c634e0/d;
v0000022b19cabbc0_0 .net "a", 0 0, L_0000022b19cd1390;  alias, 1 drivers
v0000022b19cad240_0 .net "b", 0 0, L_0000022b19cd1390;  alias, 1 drivers
v0000022b19cad4c0_0 .net "y", 0 0, L_0000022b19c634e0;  1 drivers
S_0000022b19baeaf0 .scope module, "first_sum" "half_adder" 3 58, 3 36 0, S_0000022b19bad020;
 .timescale -9 -9;
    .port_info 0 /INPUT 1 "a";
    .port_info 1 /INPUT 1 "b";
    .port_info 2 /OUTPUT 2 "y";
v0000022b19cac520_0 .net "a", 0 0, L_0000022b19cd2790;  alias, 1 drivers
v0000022b19caba80_0 .net "b", 0 0, L_0000022b19cd2830;  alias, 1 drivers
v0000022b19cabd00_0 .net "carry", 0 0, L_0000022b19c62ad0;  1 drivers
v0000022b19cac5c0_0 .net "y", 1 0, L_0000022b19cd1f70;  alias, 1 drivers
L_0000022b19cd1f70 .concat8 [ 1 1 0 0], L_0000022b19c62de0, L_0000022b19c62e50;
S_0000022b19baec80 .scope module, "dut" "nand_gate" 3 45, 3 3 0, S_0000022b19baeaf0;
 .timescale -9 -9;
    .port_info 0 /INPUT 1 "a";
    .port_info 1 /INPUT 1 "b";
    .port_info 2 /OUTPUT 1 "y";
L_0000022b19c62e50/d .functor NAND 1, L_0000022b19c62ad0, L_0000022b19c62ad0, C4<1>, C4<1>;
L_0000022b19c62e50 .delay 1 (1,1,1) L_0000022b19c62e50/d;
v0000022b19cac660_0 .net "a", 0 0, L_0000022b19c62ad0;  alias, 1 drivers
v0000022b19cac700_0 .net "b", 0 0, L_0000022b19c62ad0;  alias, 1 drivers
v0000022b19cad2e0_0 .net "y", 0 0, L_0000022b19c62e50;  1 drivers
S_0000022b19bf9ad0 .scope module, "sum_gate" "xor_gate" 3 44, 3 23 0, S_0000022b19baeaf0;
 .timescale -9 -9;
    .port_info 0 /INPUT 1 "a";
    .port_info 1 /INPUT 1 "b";
    .port_info 2 /OUTPUT 1 "y";
v0000022b19cac840_0 .net "a", 0 0, L_0000022b19cd2790;  alias, 1 drivers
v0000022b19caca20_0 .net "b", 0 0, L_0000022b19cd2830;  alias, 1 drivers
v0000022b19cacca0_0 .net "y", 0 0, L_0000022b19c62de0;  1 drivers
v0000022b19cabc60_0 .net "y1", 2 0, L_0000022b19cd21f0;  1 drivers
L_0000022b19cd2fb0 .part L_0000022b19cd21f0, 2, 1;
L_0000022b19cd2510 .part L_0000022b19cd21f0, 2, 1;
L_0000022b19cd21f0 .concat8 [ 1 1 1 0], L_0000022b19c62d70, L_0000022b19c63470, L_0000022b19c638d0;
L_0000022b19cd1bb0 .part L_0000022b19cd21f0, 0, 1;
L_0000022b19cd2010 .part L_0000022b19cd21f0, 1, 1;
S_0000022b19bf9c60 .scope module, "dut" "nand_gate" 3 31, 3 3 0, S_0000022b19bf9ad0;
 .timescale -9 -9;
    .port_info 0 /INPUT 1 "a";
    .port_info 1 /INPUT 1 "b";
    .port_info 2 /OUTPUT 1 "y";
L_0000022b19c63470/d .functor NAND 1, L_0000022b19cd2790, L_0000022b19cd2fb0, C4<1>, C4<1>;
L_0000022b19c63470 .delay 1 (1,1,1) L_0000022b19c63470/d;
v0000022b19cad420_0 .net "a", 0 0, L_0000022b19cd2790;  alias, 1 drivers
v0000022b19cac2a0_0 .net "b", 0 0, L_0000022b19cd2fb0;  1 drivers
v0000022b19cac340_0 .net "y", 0 0, L_0000022b19c63470;  1 drivers
S_0000022b19bc2d40 .scope module, "fut" "nand_gate" 3 32, 3 3 0, S_0000022b19bf9ad0;
 .timescale -9 -9;
    .port_info 0 /INPUT 1 "a";
    .port_info 1 /INPUT 1 "b";
    .port_info 2 /OUTPUT 1 "y";
L_0000022b19c62d70/d .functor NAND 1, L_0000022b19cd2510, L_0000022b19cd2830, C4<1>, C4<1>;
L_0000022b19c62d70 .delay 1 (1,1,1) L_0000022b19c62d70/d;
v0000022b19cac3e0_0 .net "a", 0 0, L_0000022b19cd2510;  1 drivers
v0000022b19cab9e0_0 .net "b", 0 0, L_0000022b19cd2830;  alias, 1 drivers
v0000022b19cabf80_0 .net "y", 0 0, L_0000022b19c62d70;  1 drivers
S_0000022b19bc2ed0 .scope module, "ut" "nand_gate" 3 33, 3 3 0, S_0000022b19bf9ad0;
 .timescale -9 -9;
    .port_info 0 /INPUT 1 "a";
    .port_info 1 /INPUT 1 "b";
    .port_info 2 /OUTPUT 1 "y";
L_0000022b19c62de0/d .functor NAND 1, L_0000022b19cd1bb0, L_0000022b19cd2010, C4<1>, C4<1>;
L_0000022b19c62de0 .delay 1 (1,1,1) L_0000022b19c62de0/d;
v0000022b19cabb20_0 .net "a", 0 0, L_0000022b19cd1bb0;  1 drivers
v0000022b19cad740_0 .net "b", 0 0, L_0000022b19cd2010;  1 drivers
v0000022b19cac7a0_0 .net "y", 0 0, L_0000022b19c62de0;  alias, 1 drivers
S_0000022b19bc3060 .scope module, "uut" "nand_gate" 3 30, 3 3 0, S_0000022b19bf9ad0;
 .timescale -9 -9;
    .port_info 0 /INPUT 1 "a";
    .port_info 1 /INPUT 1 "b";
    .port_info 2 /OUTPUT 1 "y";
L_0000022b19c638d0/d .functor NAND 1, L_0000022b19cd2790, L_0000022b19cd2830, C4<1>, C4<1>;
L_0000022b19c638d0 .delay 1 (1,1,1) L_0000022b19c638d0/d;
v0000022b19cac8e0_0 .net "a", 0 0, L_0000022b19cd2790;  alias, 1 drivers
v0000022b19cad6a0_0 .net "b", 0 0, L_0000022b19cd2830;  alias, 1 drivers
v0000022b19cad560_0 .net "y", 0 0, L_0000022b19c638d0;  1 drivers
S_0000022b19cae910 .scope module, "uut" "nand_gate" 3 43, 3 3 0, S_0000022b19baeaf0;
 .timescale -9 -9;
    .port_info 0 /INPUT 1 "a";
    .port_info 1 /INPUT 1 "b";
    .port_info 2 /OUTPUT 1 "y";
L_0000022b19c62ad0/d .functor NAND 1, L_0000022b19cd2790, L_0000022b19cd2830, C4<1>, C4<1>;
L_0000022b19c62ad0 .delay 1 (1,1,1) L_0000022b19c62ad0/d;
v0000022b19cacde0_0 .net "a", 0 0, L_0000022b19cd2790;  alias, 1 drivers
v0000022b19cab940_0 .net "b", 0 0, L_0000022b19cd2830;  alias, 1 drivers
v0000022b19cac480_0 .net "y", 0 0, L_0000022b19c62ad0;  alias, 1 drivers
S_0000022b19caeaa0 .scope module, "second_sum" "half_adder" 3 59, 3 36 0, S_0000022b19bad020;
 .timescale -9 -9;
    .port_info 0 /INPUT 1 "a";
    .port_info 1 /INPUT 1 "b";
    .port_info 2 /OUTPUT 2 "y";
v0000022b19cb55f0_0 .net "a", 0 0, L_0000022b19cd1b10;  1 drivers
v0000022b19cb6e50_0 .net "b", 0 0, v0000022b19cd23d0_0;  alias, 1 drivers
v0000022b19cb6810_0 .net "carry", 0 0, L_0000022b19c63780;  1 drivers
v0000022b19cb6c70_0 .net "y", 1 0, L_0000022b19cd28d0;  alias, 1 drivers
L_0000022b19cd28d0 .concat8 [ 1 1 0 0], L_0000022b19c63400, L_0000022b19c63860;
S_0000022b19caec30 .scope module, "dut" "nand_gate" 3 45, 3 3 0, S_0000022b19caeaa0;
 .timescale -9 -9;
    .port_info 0 /INPUT 1 "a";
    .port_info 1 /INPUT 1 "b";
    .port_info 2 /OUTPUT 1 "y";
L_0000022b19c63860/d .functor NAND 1, L_0000022b19c63780, L_0000022b19c63780, C4<1>, C4<1>;
L_0000022b19c63860 .delay 1 (1,1,1) L_0000022b19c63860/d;
v0000022b19cace80_0 .net "a", 0 0, L_0000022b19c63780;  alias, 1 drivers
v0000022b19cacac0_0 .net "b", 0 0, L_0000022b19c63780;  alias, 1 drivers
v0000022b19cabda0_0 .net "y", 0 0, L_0000022b19c63860;  1 drivers
S_0000022b19cb4ef0 .scope module, "sum_gate" "xor_gate" 3 44, 3 23 0, S_0000022b19caeaa0;
 .timescale -9 -9;
    .port_info 0 /INPUT 1 "a";
    .port_info 1 /INPUT 1 "b";
    .port_info 2 /OUTPUT 1 "y";
v0000022b19cb69f0_0 .net "a", 0 0, L_0000022b19cd1b10;  alias, 1 drivers
v0000022b19cb5870_0 .net "b", 0 0, v0000022b19cd23d0_0;  alias, 1 drivers
v0000022b19cb5af0_0 .net "y", 0 0, L_0000022b19c63400;  1 drivers
v0000022b19cb6090_0 .net "y1", 2 0, L_0000022b19cd3870;  1 drivers
L_0000022b19cd12f0 .part L_0000022b19cd3870, 2, 1;
L_0000022b19cd34b0 .part L_0000022b19cd3870, 2, 1;
L_0000022b19cd3870 .concat8 [ 1 1 1 0], L_0000022b19c637f0, L_0000022b19c62ec0, L_0000022b19c63240;
L_0000022b19cd2d30 .part L_0000022b19cd3870, 0, 1;
L_0000022b19cd3730 .part L_0000022b19cd3870, 1, 1;
S_0000022b19cb4720 .scope module, "dut" "nand_gate" 3 31, 3 3 0, S_0000022b19cb4ef0;
 .timescale -9 -9;
    .port_info 0 /INPUT 1 "a";
    .port_info 1 /INPUT 1 "b";
    .port_info 2 /OUTPUT 1 "y";
L_0000022b19c62ec0/d .functor NAND 1, L_0000022b19cd1b10, L_0000022b19cd12f0, C4<1>, C4<1>;
L_0000022b19c62ec0 .delay 1 (1,1,1) L_0000022b19c62ec0/d;
v0000022b19cabe40_0 .net "a", 0 0, L_0000022b19cd1b10;  alias, 1 drivers
v0000022b19cabee0_0 .net "b", 0 0, L_0000022b19cd12f0;  1 drivers
v0000022b19cacb60_0 .net "y", 0 0, L_0000022b19c62ec0;  1 drivers
S_0000022b19cb4270 .scope module, "fut" "nand_gate" 3 32, 3 3 0, S_0000022b19cb4ef0;
 .timescale -9 -9;
    .port_info 0 /INPUT 1 "a";
    .port_info 1 /INPUT 1 "b";
    .port_info 2 /OUTPUT 1 "y";
L_0000022b19c637f0/d .functor NAND 1, L_0000022b19cd34b0, v0000022b19cd23d0_0, C4<1>, C4<1>;
L_0000022b19c637f0 .delay 1 (1,1,1) L_0000022b19c637f0/d;
v0000022b19cacf20_0 .net "a", 0 0, L_0000022b19cd34b0;  1 drivers
v0000022b19cad060_0 .net "b", 0 0, v0000022b19cd23d0_0;  alias, 1 drivers
v0000022b19cacc00_0 .net "y", 0 0, L_0000022b19c637f0;  1 drivers
S_0000022b19cb4400 .scope module, "ut" "nand_gate" 3 33, 3 3 0, S_0000022b19cb4ef0;
 .timescale -9 -9;
    .port_info 0 /INPUT 1 "a";
    .port_info 1 /INPUT 1 "b";
    .port_info 2 /OUTPUT 1 "y";
L_0000022b19c63400/d .functor NAND 1, L_0000022b19cd2d30, L_0000022b19cd3730, C4<1>, C4<1>;
L_0000022b19c63400 .delay 1 (1,1,1) L_0000022b19c63400/d;
v0000022b19cac020_0 .net "a", 0 0, L_0000022b19cd2d30;  1 drivers
v0000022b19cacd40_0 .net "b", 0 0, L_0000022b19cd3730;  1 drivers
v0000022b19cad100_0 .net "y", 0 0, L_0000022b19c63400;  alias, 1 drivers
S_0000022b19cb4590 .scope module, "uut" "nand_gate" 3 30, 3 3 0, S_0000022b19cb4ef0;
 .timescale -9 -9;
    .port_info 0 /INPUT 1 "a";
    .port_info 1 /INPUT 1 "b";
    .port_info 2 /OUTPUT 1 "y";
L_0000022b19c63240/d .functor NAND 1, L_0000022b19cd1b10, v0000022b19cd23d0_0, C4<1>, C4<1>;
L_0000022b19c63240 .delay 1 (1,1,1) L_0000022b19c63240/d;
v0000022b19cad1a0_0 .net "a", 0 0, L_0000022b19cd1b10;  alias, 1 drivers
v0000022b19cad600_0 .net "b", 0 0, v0000022b19cd23d0_0;  alias, 1 drivers
v0000022b19cb6950_0 .net "y", 0 0, L_0000022b19c63240;  1 drivers
S_0000022b19cb40e0 .scope module, "uut" "nand_gate" 3 43, 3 3 0, S_0000022b19caeaa0;
 .timescale -9 -9;
    .port_info 0 /INPUT 1 "a";
    .port_info 1 /INPUT 1 "b";
    .port_info 2 /OUTPUT 1 "y";
L_0000022b19c63780/d .functor NAND 1, L_0000022b19cd1b10, v0000022b19cd23d0_0, C4<1>, C4<1>;
L_0000022b19c63780 .delay 1 (1,1,1) L_0000022b19c63780/d;
v0000022b19cb5e10_0 .net "a", 0 0, L_0000022b19cd1b10;  alias, 1 drivers
v0000022b19cb6ef0_0 .net "b", 0 0, v0000022b19cd23d0_0;  alias, 1 drivers
v0000022b19cb5ff0_0 .net "y", 0 0, L_0000022b19c63780;  alias, 1 drivers
S_0000022b19cb4bd0 .scope module, "fa1" "full_adder" 3 74, 3 48 0, S_0000022b19bace90;
 .timescale -9 -9;
    .port_info 0 /INPUT 1 "a";
    .port_info 1 /INPUT 1 "b";
    .port_info 2 /INPUT 1 "ck_1";
    .port_info 3 /OUTPUT 1 "sum";
    .port_info 4 /OUTPUT 1 "carry_out";
v0000022b19cbabf0_0 .net "a", 0 0, L_0000022b19cd2bf0;  1 drivers
v0000022b19cba970_0 .net "b", 0 0, L_0000022b19cd2c90;  1 drivers
v0000022b19cb94d0_0 .net "carry_out", 0 0, L_0000022b19c63080;  1 drivers
v0000022b19cbad30_0 .net "ck_1", 0 0, L_0000022b19cd2e70;  1 drivers
v0000022b19cba330_0 .net "result", 1 0, L_0000022b19cd1cf0;  1 drivers
v0000022b19cb9b10_0 .net "sum", 0 0, L_0000022b19cd1d90;  1 drivers
v0000022b19cb9c50_0 .net "y", 1 0, L_0000022b19cd17f0;  1 drivers
L_0000022b19cd16b0 .part L_0000022b19cd17f0, 0, 1;
L_0000022b19cd1d90 .part L_0000022b19cd1cf0, 0, 1;
L_0000022b19cd2330 .part L_0000022b19cd17f0, 1, 1;
L_0000022b19cd2b50 .part L_0000022b19cd1cf0, 1, 1;
S_0000022b19cb4d60 .scope module, "carry" "or_gate" 3 62, 3 11 0, S_0000022b19cb4bd0;
 .timescale -9 -9;
    .port_info 0 /INPUT 1 "a";
    .port_info 1 /INPUT 1 "b";
    .port_info 2 /OUTPUT 1 "y";
v0000022b19cb5f50_0 .net "a", 0 0, L_0000022b19cd2330;  1 drivers
v0000022b19cb64f0_0 .net "b", 0 0, L_0000022b19cd2b50;  1 drivers
v0000022b19cb6270_0 .net "y", 0 0, L_0000022b19c63080;  alias, 1 drivers
v0000022b19cb5cd0_0 .net "y2", 1 0, L_0000022b19cd2150;  1 drivers
L_0000022b19cd2150 .concat8 [ 1 1 0 0], L_0000022b19c63630, L_0000022b19c62bb0;
L_0000022b19cd2ab0 .part L_0000022b19cd2150, 1, 1;
L_0000022b19cd2290 .part L_0000022b19cd2150, 0, 1;
S_0000022b19cb48b0 .scope module, "dsut" "nand_gate" 3 20, 3 3 0, S_0000022b19cb4d60;
 .timescale -9 -9;
    .port_info 0 /INPUT 1 "a";
    .port_info 1 /INPUT 1 "b";
    .port_info 2 /OUTPUT 1 "y";
L_0000022b19c63080/d .functor NAND 1, L_0000022b19cd2ab0, L_0000022b19cd2290, C4<1>, C4<1>;
L_0000022b19c63080 .delay 1 (1,1,1) L_0000022b19c63080/d;
v0000022b19cb5730_0 .net "a", 0 0, L_0000022b19cd2ab0;  1 drivers
v0000022b19cb6a90_0 .net "b", 0 0, L_0000022b19cd2290;  1 drivers
v0000022b19cb54b0_0 .net "y", 0 0, L_0000022b19c63080;  alias, 1 drivers
S_0000022b19cb4a40 .scope module, "dut" "nand_gate" 3 19, 3 3 0, S_0000022b19cb4d60;
 .timescale -9 -9;
    .port_info 0 /INPUT 1 "a";
    .port_info 1 /INPUT 1 "b";
    .port_info 2 /OUTPUT 1 "y";
L_0000022b19c63630/d .functor NAND 1, L_0000022b19cd2b50, L_0000022b19cd2b50, C4<1>, C4<1>;
L_0000022b19c63630 .delay 1 (1,1,1) L_0000022b19c63630/d;
v0000022b19cb61d0_0 .net "a", 0 0, L_0000022b19cd2b50;  alias, 1 drivers
v0000022b19cb5910_0 .net "b", 0 0, L_0000022b19cd2b50;  alias, 1 drivers
v0000022b19cb6bd0_0 .net "y", 0 0, L_0000022b19c63630;  1 drivers
S_0000022b19cb7a60 .scope module, "uut" "nand_gate" 3 18, 3 3 0, S_0000022b19cb4d60;
 .timescale -9 -9;
    .port_info 0 /INPUT 1 "a";
    .port_info 1 /INPUT 1 "b";
    .port_info 2 /OUTPUT 1 "y";
L_0000022b19c62bb0/d .functor NAND 1, L_0000022b19cd2330, L_0000022b19cd2330, C4<1>, C4<1>;
L_0000022b19c62bb0 .delay 1 (1,1,1) L_0000022b19c62bb0/d;
v0000022b19cb5a50_0 .net "a", 0 0, L_0000022b19cd2330;  alias, 1 drivers
v0000022b19cb66d0_0 .net "b", 0 0, L_0000022b19cd2330;  alias, 1 drivers
v0000022b19cb6130_0 .net "y", 0 0, L_0000022b19c62bb0;  1 drivers
S_0000022b19cb7bf0 .scope module, "first_sum" "half_adder" 3 58, 3 36 0, S_0000022b19cb4bd0;
 .timescale -9 -9;
    .port_info 0 /INPUT 1 "a";
    .port_info 1 /INPUT 1 "b";
    .port_info 2 /OUTPUT 2 "y";
v0000022b19cb9a70_0 .net "a", 0 0, L_0000022b19cd2bf0;  alias, 1 drivers
v0000022b19cba510_0 .net "b", 0 0, L_0000022b19cd2c90;  alias, 1 drivers
v0000022b19cb9d90_0 .net "carry", 0 0, L_0000022b19c63550;  1 drivers
v0000022b19cb92f0_0 .net "y", 1 0, L_0000022b19cd17f0;  alias, 1 drivers
L_0000022b19cd17f0 .concat8 [ 1 1 0 0], L_0000022b19c63710, L_0000022b19c635c0;
S_0000022b19cb75b0 .scope module, "dut" "nand_gate" 3 45, 3 3 0, S_0000022b19cb7bf0;
 .timescale -9 -9;
    .port_info 0 /INPUT 1 "a";
    .port_info 1 /INPUT 1 "b";
    .port_info 2 /OUTPUT 1 "y";
L_0000022b19c635c0/d .functor NAND 1, L_0000022b19c63550, L_0000022b19c63550, C4<1>, C4<1>;
L_0000022b19c635c0 .delay 1 (1,1,1) L_0000022b19c635c0/d;
v0000022b19cb6770_0 .net "a", 0 0, L_0000022b19c63550;  alias, 1 drivers
v0000022b19cb6d10_0 .net "b", 0 0, L_0000022b19c63550;  alias, 1 drivers
v0000022b19cb6310_0 .net "y", 0 0, L_0000022b19c635c0;  1 drivers
S_0000022b19cb8b90 .scope module, "sum_gate" "xor_gate" 3 44, 3 23 0, S_0000022b19cb7bf0;
 .timescale -9 -9;
    .port_info 0 /INPUT 1 "a";
    .port_info 1 /INPUT 1 "b";
    .port_info 2 /OUTPUT 1 "y";
v0000022b19cb5370_0 .net "a", 0 0, L_0000022b19cd2bf0;  alias, 1 drivers
v0000022b19cb5410_0 .net "b", 0 0, L_0000022b19cd2c90;  alias, 1 drivers
v0000022b19cb5550_0 .net "y", 0 0, L_0000022b19c63710;  1 drivers
v0000022b19cb97f0_0 .net "y1", 2 0, L_0000022b19cd1610;  1 drivers
L_0000022b19cd1250 .part L_0000022b19cd1610, 2, 1;
L_0000022b19cd1430 .part L_0000022b19cd1610, 2, 1;
L_0000022b19cd1610 .concat8 [ 1 1 1 0], L_0000022b19c62fa0, L_0000022b19c630f0, L_0000022b19c63940;
L_0000022b19cd20b0 .part L_0000022b19cd1610, 0, 1;
L_0000022b19cd1c50 .part L_0000022b19cd1610, 1, 1;
S_0000022b19cb7d80 .scope module, "dut" "nand_gate" 3 31, 3 3 0, S_0000022b19cb8b90;
 .timescale -9 -9;
    .port_info 0 /INPUT 1 "a";
    .port_info 1 /INPUT 1 "b";
    .port_info 2 /OUTPUT 1 "y";
L_0000022b19c630f0/d .functor NAND 1, L_0000022b19cd2bf0, L_0000022b19cd1250, C4<1>, C4<1>;
L_0000022b19c630f0 .delay 1 (1,1,1) L_0000022b19c630f0/d;
v0000022b19cb5b90_0 .net "a", 0 0, L_0000022b19cd2bf0;  alias, 1 drivers
v0000022b19cb6b30_0 .net "b", 0 0, L_0000022b19cd1250;  1 drivers
v0000022b19cb5c30_0 .net "y", 0 0, L_0000022b19c630f0;  1 drivers
S_0000022b19cb8d20 .scope module, "fut" "nand_gate" 3 32, 3 3 0, S_0000022b19cb8b90;
 .timescale -9 -9;
    .port_info 0 /INPUT 1 "a";
    .port_info 1 /INPUT 1 "b";
    .port_info 2 /OUTPUT 1 "y";
L_0000022b19c62fa0/d .functor NAND 1, L_0000022b19cd1430, L_0000022b19cd2c90, C4<1>, C4<1>;
L_0000022b19c62fa0 .delay 1 (1,1,1) L_0000022b19c62fa0/d;
v0000022b19cb50f0_0 .net "a", 0 0, L_0000022b19cd1430;  1 drivers
v0000022b19cb5d70_0 .net "b", 0 0, L_0000022b19cd2c90;  alias, 1 drivers
v0000022b19cb5190_0 .net "y", 0 0, L_0000022b19c62fa0;  1 drivers
S_0000022b19cb8550 .scope module, "ut" "nand_gate" 3 33, 3 3 0, S_0000022b19cb8b90;
 .timescale -9 -9;
    .port_info 0 /INPUT 1 "a";
    .port_info 1 /INPUT 1 "b";
    .port_info 2 /OUTPUT 1 "y";
L_0000022b19c63710/d .functor NAND 1, L_0000022b19cd20b0, L_0000022b19cd1c50, C4<1>, C4<1>;
L_0000022b19c63710 .delay 1 (1,1,1) L_0000022b19c63710/d;
v0000022b19cb5230_0 .net "a", 0 0, L_0000022b19cd20b0;  1 drivers
v0000022b19cb63b0_0 .net "b", 0 0, L_0000022b19cd1c50;  1 drivers
v0000022b19cb6450_0 .net "y", 0 0, L_0000022b19c63710;  alias, 1 drivers
S_0000022b19cb80a0 .scope module, "uut" "nand_gate" 3 30, 3 3 0, S_0000022b19cb8b90;
 .timescale -9 -9;
    .port_info 0 /INPUT 1 "a";
    .port_info 1 /INPUT 1 "b";
    .port_info 2 /OUTPUT 1 "y";
L_0000022b19c63940/d .functor NAND 1, L_0000022b19cd2bf0, L_0000022b19cd2c90, C4<1>, C4<1>;
L_0000022b19c63940 .delay 1 (1,1,1) L_0000022b19c63940/d;
v0000022b19cb6590_0 .net "a", 0 0, L_0000022b19cd2bf0;  alias, 1 drivers
v0000022b19cb52d0_0 .net "b", 0 0, L_0000022b19cd2c90;  alias, 1 drivers
v0000022b19cb6630_0 .net "y", 0 0, L_0000022b19c63940;  1 drivers
S_0000022b19cb7740 .scope module, "uut" "nand_gate" 3 43, 3 3 0, S_0000022b19cb7bf0;
 .timescale -9 -9;
    .port_info 0 /INPUT 1 "a";
    .port_info 1 /INPUT 1 "b";
    .port_info 2 /OUTPUT 1 "y";
L_0000022b19c63550/d .functor NAND 1, L_0000022b19cd2bf0, L_0000022b19cd2c90, C4<1>, C4<1>;
L_0000022b19c63550 .delay 1 (1,1,1) L_0000022b19c63550/d;
v0000022b19cba0b0_0 .net "a", 0 0, L_0000022b19cd2bf0;  alias, 1 drivers
v0000022b19cba790_0 .net "b", 0 0, L_0000022b19cd2c90;  alias, 1 drivers
v0000022b19cba1f0_0 .net "y", 0 0, L_0000022b19c63550;  alias, 1 drivers
S_0000022b19cb86e0 .scope module, "second_sum" "half_adder" 3 59, 3 36 0, S_0000022b19cb4bd0;
 .timescale -9 -9;
    .port_info 0 /INPUT 1 "a";
    .port_info 1 /INPUT 1 "b";
    .port_info 2 /OUTPUT 2 "y";
v0000022b19cb9bb0_0 .net "a", 0 0, L_0000022b19cd16b0;  1 drivers
v0000022b19cb91b0_0 .net "b", 0 0, L_0000022b19cd2e70;  alias, 1 drivers
v0000022b19cb9750_0 .net "carry", 0 0, L_0000022b19c631d0;  1 drivers
v0000022b19cba290_0 .net "y", 1 0, L_0000022b19cd1cf0;  alias, 1 drivers
L_0000022b19cd1cf0 .concat8 [ 1 1 0 0], L_0000022b19c63160, L_0000022b19c632b0;
S_0000022b19cb8230 .scope module, "dut" "nand_gate" 3 45, 3 3 0, S_0000022b19cb86e0;
 .timescale -9 -9;
    .port_info 0 /INPUT 1 "a";
    .port_info 1 /INPUT 1 "b";
    .port_info 2 /OUTPUT 1 "y";
L_0000022b19c632b0/d .functor NAND 1, L_0000022b19c631d0, L_0000022b19c631d0, C4<1>, C4<1>;
L_0000022b19c632b0 .delay 1 (1,1,1) L_0000022b19c632b0/d;
v0000022b19cb9ed0_0 .net "a", 0 0, L_0000022b19c631d0;  alias, 1 drivers
v0000022b19cba5b0_0 .net "b", 0 0, L_0000022b19c631d0;  alias, 1 drivers
v0000022b19cba150_0 .net "y", 0 0, L_0000022b19c632b0;  1 drivers
S_0000022b19cb7f10 .scope module, "sum_gate" "xor_gate" 3 44, 3 23 0, S_0000022b19cb86e0;
 .timescale -9 -9;
    .port_info 0 /INPUT 1 "a";
    .port_info 1 /INPUT 1 "b";
    .port_info 2 /OUTPUT 1 "y";
v0000022b19cba010_0 .net "a", 0 0, L_0000022b19cd16b0;  alias, 1 drivers
v0000022b19cb96b0_0 .net "b", 0 0, L_0000022b19cd2e70;  alias, 1 drivers
v0000022b19cbac90_0 .net "y", 0 0, L_0000022b19c63160;  1 drivers
v0000022b19cba830_0 .net "y1", 2 0, L_0000022b19cd2dd0;  1 drivers
L_0000022b19cd1890 .part L_0000022b19cd2dd0, 2, 1;
L_0000022b19cd1e30 .part L_0000022b19cd2dd0, 2, 1;
L_0000022b19cd2dd0 .concat8 [ 1 1 1 0], L_0000022b19c636a0, L_0000022b19c62b40, L_0000022b19c62a60;
L_0000022b19cd3550 .part L_0000022b19cd2dd0, 0, 1;
L_0000022b19cd3910 .part L_0000022b19cd2dd0, 1, 1;
S_0000022b19cb83c0 .scope module, "dut" "nand_gate" 3 31, 3 3 0, S_0000022b19cb7f10;
 .timescale -9 -9;
    .port_info 0 /INPUT 1 "a";
    .port_info 1 /INPUT 1 "b";
    .port_info 2 /OUTPUT 1 "y";
L_0000022b19c62b40/d .functor NAND 1, L_0000022b19cd16b0, L_0000022b19cd1890, C4<1>, C4<1>;
L_0000022b19c62b40 .delay 1 (1,1,1) L_0000022b19c62b40/d;
v0000022b19cba650_0 .net "a", 0 0, L_0000022b19cd16b0;  alias, 1 drivers
v0000022b19cbaa10_0 .net "b", 0 0, L_0000022b19cd1890;  1 drivers
v0000022b19cbaab0_0 .net "y", 0 0, L_0000022b19c62b40;  1 drivers
S_0000022b19cb8a00 .scope module, "fut" "nand_gate" 3 32, 3 3 0, S_0000022b19cb7f10;
 .timescale -9 -9;
    .port_info 0 /INPUT 1 "a";
    .port_info 1 /INPUT 1 "b";
    .port_info 2 /OUTPUT 1 "y";
L_0000022b19c636a0/d .functor NAND 1, L_0000022b19cd1e30, L_0000022b19cd2e70, C4<1>, C4<1>;
L_0000022b19c636a0 .delay 1 (1,1,1) L_0000022b19c636a0/d;
v0000022b19cb9890_0 .net "a", 0 0, L_0000022b19cd1e30;  1 drivers
v0000022b19cbae70_0 .net "b", 0 0, L_0000022b19cd2e70;  alias, 1 drivers
v0000022b19cb9430_0 .net "y", 0 0, L_0000022b19c636a0;  1 drivers
S_0000022b19cb8eb0 .scope module, "ut" "nand_gate" 3 33, 3 3 0, S_0000022b19cb7f10;
 .timescale -9 -9;
    .port_info 0 /INPUT 1 "a";
    .port_info 1 /INPUT 1 "b";
    .port_info 2 /OUTPUT 1 "y";
L_0000022b19c63160/d .functor NAND 1, L_0000022b19cd3550, L_0000022b19cd3910, C4<1>, C4<1>;
L_0000022b19c63160 .delay 1 (1,1,1) L_0000022b19c63160/d;
v0000022b19cb9e30_0 .net "a", 0 0, L_0000022b19cd3550;  1 drivers
v0000022b19cb9f70_0 .net "b", 0 0, L_0000022b19cd3910;  1 drivers
v0000022b19cbab50_0 .net "y", 0 0, L_0000022b19c63160;  alias, 1 drivers
S_0000022b19cb8870 .scope module, "uut" "nand_gate" 3 30, 3 3 0, S_0000022b19cb7f10;
 .timescale -9 -9;
    .port_info 0 /INPUT 1 "a";
    .port_info 1 /INPUT 1 "b";
    .port_info 2 /OUTPUT 1 "y";
L_0000022b19c62a60/d .functor NAND 1, L_0000022b19cd16b0, L_0000022b19cd2e70, C4<1>, C4<1>;
L_0000022b19c62a60 .delay 1 (1,1,1) L_0000022b19c62a60/d;
v0000022b19cba6f0_0 .net "a", 0 0, L_0000022b19cd16b0;  alias, 1 drivers
v0000022b19cb9930_0 .net "b", 0 0, L_0000022b19cd2e70;  alias, 1 drivers
v0000022b19cba8d0_0 .net "y", 0 0, L_0000022b19c62a60;  1 drivers
S_0000022b19cb7100 .scope module, "uut" "nand_gate" 3 43, 3 3 0, S_0000022b19cb86e0;
 .timescale -9 -9;
    .port_info 0 /INPUT 1 "a";
    .port_info 1 /INPUT 1 "b";
    .port_info 2 /OUTPUT 1 "y";
L_0000022b19c631d0/d .functor NAND 1, L_0000022b19cd16b0, L_0000022b19cd2e70, C4<1>, C4<1>;
L_0000022b19c631d0 .delay 1 (1,1,1) L_0000022b19c631d0/d;
v0000022b19cb99d0_0 .net "a", 0 0, L_0000022b19cd16b0;  alias, 1 drivers
v0000022b19cba3d0_0 .net "b", 0 0, L_0000022b19cd2e70;  alias, 1 drivers
v0000022b19cbaf10_0 .net "y", 0 0, L_0000022b19c631d0;  alias, 1 drivers
S_0000022b19cb7290 .scope module, "fa2" "full_adder" 3 75, 3 48 0, S_0000022b19bace90;
 .timescale -9 -9;
    .port_info 0 /INPUT 1 "a";
    .port_info 1 /INPUT 1 "b";
    .port_info 2 /INPUT 1 "ck_1";
    .port_info 3 /OUTPUT 1 "sum";
    .port_info 4 /OUTPUT 1 "carry_out";
v0000022b19cca2e0_0 .net "a", 0 0, L_0000022b19cd3b90;  1 drivers
v0000022b19cc9f20_0 .net "b", 0 0, L_0000022b19cd4f90;  1 drivers
v0000022b19ccaec0_0 .net "carry_out", 0 0, L_0000022b19cdb330;  1 drivers
v0000022b19ccae20_0 .net "ck_1", 0 0, L_0000022b19cd4db0;  1 drivers
v0000022b19ccace0_0 .net "result", 1 0, L_0000022b19cd3f50;  1 drivers
v0000022b19cc93e0_0 .net "sum", 0 0, L_0000022b19cd49f0;  1 drivers
v0000022b19cca380_0 .net "y", 1 0, L_0000022b19cd3230;  1 drivers
L_0000022b19cd4b30 .part L_0000022b19cd3230, 0, 1;
L_0000022b19cd49f0 .part L_0000022b19cd3f50, 0, 1;
L_0000022b19cd4d10 .part L_0000022b19cd3230, 1, 1;
L_0000022b19cd3d70 .part L_0000022b19cd3f50, 1, 1;
S_0000022b19cb78d0 .scope module, "carry" "or_gate" 3 62, 3 11 0, S_0000022b19cb7290;
 .timescale -9 -9;
    .port_info 0 /INPUT 1 "a";
    .port_info 1 /INPUT 1 "b";
    .port_info 2 /OUTPUT 1 "y";
v0000022b19cbfb40_0 .net "a", 0 0, L_0000022b19cd4d10;  1 drivers
v0000022b19cbf780_0 .net "b", 0 0, L_0000022b19cd3d70;  1 drivers
v0000022b19cbf820_0 .net "y", 0 0, L_0000022b19cdb330;  alias, 1 drivers
v0000022b19cc0400_0 .net "y2", 1 0, L_0000022b19cd4270;  1 drivers
L_0000022b19cd4270 .concat8 [ 1 1 0 0], L_0000022b19cdb560, L_0000022b19cdbcd0;
L_0000022b19cd43b0 .part L_0000022b19cd4270, 1, 1;
L_0000022b19cd3ff0 .part L_0000022b19cd4270, 0, 1;
S_0000022b19cb7420 .scope module, "dsut" "nand_gate" 3 20, 3 3 0, S_0000022b19cb78d0;
 .timescale -9 -9;
    .port_info 0 /INPUT 1 "a";
    .port_info 1 /INPUT 1 "b";
    .port_info 2 /OUTPUT 1 "y";
L_0000022b19cdb330/d .functor NAND 1, L_0000022b19cd43b0, L_0000022b19cd3ff0, C4<1>, C4<1>;
L_0000022b19cdb330 .delay 1 (1,1,1) L_0000022b19cdb330/d;
v0000022b19cbadd0_0 .net "a", 0 0, L_0000022b19cd43b0;  1 drivers
v0000022b19cb9610_0 .net "b", 0 0, L_0000022b19cd3ff0;  1 drivers
v0000022b19cbafb0_0 .net "y", 0 0, L_0000022b19cdb330;  alias, 1 drivers
S_0000022b19cbb760 .scope module, "dut" "nand_gate" 3 19, 3 3 0, S_0000022b19cb78d0;
 .timescale -9 -9;
    .port_info 0 /INPUT 1 "a";
    .port_info 1 /INPUT 1 "b";
    .port_info 2 /OUTPUT 1 "y";
L_0000022b19cdb560/d .functor NAND 1, L_0000022b19cd3d70, L_0000022b19cd3d70, C4<1>, C4<1>;
L_0000022b19cdb560 .delay 1 (1,1,1) L_0000022b19cdb560/d;
v0000022b19cba470_0 .net "a", 0 0, L_0000022b19cd3d70;  alias, 1 drivers
v0000022b19cb9cf0_0 .net "b", 0 0, L_0000022b19cd3d70;  alias, 1 drivers
v0000022b19cb9110_0 .net "y", 0 0, L_0000022b19cdb560;  1 drivers
S_0000022b19cbb5d0 .scope module, "uut" "nand_gate" 3 18, 3 3 0, S_0000022b19cb78d0;
 .timescale -9 -9;
    .port_info 0 /INPUT 1 "a";
    .port_info 1 /INPUT 1 "b";
    .port_info 2 /OUTPUT 1 "y";
L_0000022b19cdbcd0/d .functor NAND 1, L_0000022b19cd4d10, L_0000022b19cd4d10, C4<1>, C4<1>;
L_0000022b19cdbcd0 .delay 1 (1,1,1) L_0000022b19cdbcd0/d;
v0000022b19cb9250_0 .net "a", 0 0, L_0000022b19cd4d10;  alias, 1 drivers
v0000022b19cb9390_0 .net "b", 0 0, L_0000022b19cd4d10;  alias, 1 drivers
v0000022b19cb9570_0 .net "y", 0 0, L_0000022b19cdbcd0;  1 drivers
S_0000022b19cbb440 .scope module, "first_sum" "half_adder" 3 58, 3 36 0, S_0000022b19cb7290;
 .timescale -9 -9;
    .port_info 0 /INPUT 1 "a";
    .port_info 1 /INPUT 1 "b";
    .port_info 2 /OUTPUT 2 "y";
v0000022b19cc0180_0 .net "a", 0 0, L_0000022b19cd3b90;  alias, 1 drivers
v0000022b19cbf960_0 .net "b", 0 0, L_0000022b19cd4f90;  alias, 1 drivers
v0000022b19cc0720_0 .net "carry", 0 0, L_0000022b19c62c20;  1 drivers
v0000022b19cbf320_0 .net "y", 1 0, L_0000022b19cd3230;  alias, 1 drivers
L_0000022b19cd3230 .concat8 [ 1 1 0 0], L_0000022b19cdb800, L_0000022b19cdb480;
S_0000022b19cbbf30 .scope module, "dut" "nand_gate" 3 45, 3 3 0, S_0000022b19cbb440;
 .timescale -9 -9;
    .port_info 0 /INPUT 1 "a";
    .port_info 1 /INPUT 1 "b";
    .port_info 2 /OUTPUT 1 "y";
L_0000022b19cdb480/d .functor NAND 1, L_0000022b19c62c20, L_0000022b19c62c20, C4<1>, C4<1>;
L_0000022b19cdb480 .delay 1 (1,1,1) L_0000022b19cdb480/d;
v0000022b19cbfc80_0 .net "a", 0 0, L_0000022b19c62c20;  alias, 1 drivers
v0000022b19cbfaa0_0 .net "b", 0 0, L_0000022b19c62c20;  alias, 1 drivers
v0000022b19cc0540_0 .net "y", 0 0, L_0000022b19cdb480;  1 drivers
S_0000022b19cbbc10 .scope module, "sum_gate" "xor_gate" 3 44, 3 23 0, S_0000022b19cbb440;
 .timescale -9 -9;
    .port_info 0 /INPUT 1 "a";
    .port_info 1 /INPUT 1 "b";
    .port_info 2 /OUTPUT 1 "y";
v0000022b19cbffa0_0 .net "a", 0 0, L_0000022b19cd3b90;  alias, 1 drivers
v0000022b19cc0ae0_0 .net "b", 0 0, L_0000022b19cd4f90;  alias, 1 drivers
v0000022b19cbf5a0_0 .net "y", 0 0, L_0000022b19cdb800;  1 drivers
v0000022b19cc0b80_0 .net "y1", 2 0, L_0000022b19cd3050;  1 drivers
L_0000022b19cd2f10 .part L_0000022b19cd3050, 2, 1;
L_0000022b19cd3190 .part L_0000022b19cd3050, 2, 1;
L_0000022b19cd3050 .concat8 [ 1 1 1 0], L_0000022b19c62d00, L_0000022b19c63320, L_0000022b19c62c90;
L_0000022b19cd30f0 .part L_0000022b19cd3050, 0, 1;
L_0000022b19cd35f0 .part L_0000022b19cd3050, 1, 1;
S_0000022b19cbc700 .scope module, "dut" "nand_gate" 3 31, 3 3 0, S_0000022b19cbbc10;
 .timescale -9 -9;
    .port_info 0 /INPUT 1 "a";
    .port_info 1 /INPUT 1 "b";
    .port_info 2 /OUTPUT 1 "y";
L_0000022b19c63320/d .functor NAND 1, L_0000022b19cd3b90, L_0000022b19cd2f10, C4<1>, C4<1>;
L_0000022b19c63320 .delay 1 (1,1,1) L_0000022b19c63320/d;
v0000022b19cc0220_0 .net "a", 0 0, L_0000022b19cd3b90;  alias, 1 drivers
v0000022b19cc0cc0_0 .net "b", 0 0, L_0000022b19cd2f10;  1 drivers
v0000022b19cbfd20_0 .net "y", 0 0, L_0000022b19c63320;  1 drivers
S_0000022b19cbb120 .scope module, "fut" "nand_gate" 3 32, 3 3 0, S_0000022b19cbbc10;
 .timescale -9 -9;
    .port_info 0 /INPUT 1 "a";
    .port_info 1 /INPUT 1 "b";
    .port_info 2 /OUTPUT 1 "y";
L_0000022b19c62d00/d .functor NAND 1, L_0000022b19cd3190, L_0000022b19cd4f90, C4<1>, C4<1>;
L_0000022b19c62d00 .delay 1 (1,1,1) L_0000022b19c62d00/d;
v0000022b19cbfe60_0 .net "a", 0 0, L_0000022b19cd3190;  1 drivers
v0000022b19cbfbe0_0 .net "b", 0 0, L_0000022b19cd4f90;  alias, 1 drivers
v0000022b19cc05e0_0 .net "y", 0 0, L_0000022b19c62d00;  1 drivers
S_0000022b19cbcd40 .scope module, "ut" "nand_gate" 3 33, 3 3 0, S_0000022b19cbbc10;
 .timescale -9 -9;
    .port_info 0 /INPUT 1 "a";
    .port_info 1 /INPUT 1 "b";
    .port_info 2 /OUTPUT 1 "y";
L_0000022b19cdb800/d .functor NAND 1, L_0000022b19cd30f0, L_0000022b19cd35f0, C4<1>, C4<1>;
L_0000022b19cdb800 .delay 1 (1,1,1) L_0000022b19cdb800/d;
v0000022b19cc0d60_0 .net "a", 0 0, L_0000022b19cd30f0;  1 drivers
v0000022b19cbf460_0 .net "b", 0 0, L_0000022b19cd35f0;  1 drivers
v0000022b19cc0680_0 .net "y", 0 0, L_0000022b19cdb800;  alias, 1 drivers
S_0000022b19cbba80 .scope module, "uut" "nand_gate" 3 30, 3 3 0, S_0000022b19cbbc10;
 .timescale -9 -9;
    .port_info 0 /INPUT 1 "a";
    .port_info 1 /INPUT 1 "b";
    .port_info 2 /OUTPUT 1 "y";
L_0000022b19c62c90/d .functor NAND 1, L_0000022b19cd3b90, L_0000022b19cd4f90, C4<1>, C4<1>;
L_0000022b19c62c90 .delay 1 (1,1,1) L_0000022b19c62c90/d;
v0000022b19cc0040_0 .net "a", 0 0, L_0000022b19cd3b90;  alias, 1 drivers
v0000022b19cbff00_0 .net "b", 0 0, L_0000022b19cd4f90;  alias, 1 drivers
v0000022b19cbf640_0 .net "y", 0 0, L_0000022b19c62c90;  1 drivers
S_0000022b19cbc3e0 .scope module, "uut" "nand_gate" 3 43, 3 3 0, S_0000022b19cbb440;
 .timescale -9 -9;
    .port_info 0 /INPUT 1 "a";
    .port_info 1 /INPUT 1 "b";
    .port_info 2 /OUTPUT 1 "y";
L_0000022b19c62c20/d .functor NAND 1, L_0000022b19cd3b90, L_0000022b19cd4f90, C4<1>, C4<1>;
L_0000022b19c62c20 .delay 1 (1,1,1) L_0000022b19c62c20/d;
v0000022b19cc00e0_0 .net "a", 0 0, L_0000022b19cd3b90;  alias, 1 drivers
v0000022b19cbfa00_0 .net "b", 0 0, L_0000022b19cd4f90;  alias, 1 drivers
v0000022b19cbf8c0_0 .net "y", 0 0, L_0000022b19c62c20;  alias, 1 drivers
S_0000022b19cbb8f0 .scope module, "second_sum" "half_adder" 3 59, 3 36 0, S_0000022b19cb7290;
 .timescale -9 -9;
    .port_info 0 /INPUT 1 "a";
    .port_info 1 /INPUT 1 "b";
    .port_info 2 /OUTPUT 2 "y";
v0000022b19cca060_0 .net "a", 0 0, L_0000022b19cd4b30;  1 drivers
v0000022b19cc9fc0_0 .net "b", 0 0, L_0000022b19cd4db0;  alias, 1 drivers
v0000022b19cc9200_0 .net "carry", 0 0, L_0000022b19cdc050;  1 drivers
v0000022b19ccac40_0 .net "y", 1 0, L_0000022b19cd3f50;  alias, 1 drivers
L_0000022b19cd3f50 .concat8 [ 1 1 0 0], L_0000022b19cdb2c0, L_0000022b19cdb4f0;
S_0000022b19cbbda0 .scope module, "dut" "nand_gate" 3 45, 3 3 0, S_0000022b19cbb8f0;
 .timescale -9 -9;
    .port_info 0 /INPUT 1 "a";
    .port_info 1 /INPUT 1 "b";
    .port_info 2 /OUTPUT 1 "y";
L_0000022b19cdb4f0/d .functor NAND 1, L_0000022b19cdc050, L_0000022b19cdc050, C4<1>, C4<1>;
L_0000022b19cdb4f0 .delay 1 (1,1,1) L_0000022b19cdb4f0/d;
v0000022b19cc04a0_0 .net "a", 0 0, L_0000022b19cdc050;  alias, 1 drivers
v0000022b19cbfdc0_0 .net "b", 0 0, L_0000022b19cdc050;  alias, 1 drivers
v0000022b19cc0c20_0 .net "y", 0 0, L_0000022b19cdb4f0;  1 drivers
S_0000022b19cbca20 .scope module, "sum_gate" "xor_gate" 3 44, 3 23 0, S_0000022b19cbb8f0;
 .timescale -9 -9;
    .port_info 0 /INPUT 1 "a";
    .port_info 1 /INPUT 1 "b";
    .port_info 2 /OUTPUT 1 "y";
v0000022b19cbf140_0 .net "a", 0 0, L_0000022b19cd4b30;  alias, 1 drivers
v0000022b19cbf280_0 .net "b", 0 0, L_0000022b19cd4db0;  alias, 1 drivers
v0000022b19cbf1e0_0 .net "y", 0 0, L_0000022b19cdb2c0;  1 drivers
v0000022b19cbf3c0_0 .net "y1", 2 0, L_0000022b19cd3410;  1 drivers
L_0000022b19cd32d0 .part L_0000022b19cd3410, 2, 1;
L_0000022b19cd3370 .part L_0000022b19cd3410, 2, 1;
L_0000022b19cd3410 .concat8 [ 1 1 1 0], L_0000022b19cdb870, L_0000022b19cdbf70, L_0000022b19cdbbf0;
L_0000022b19cd4a90 .part L_0000022b19cd3410, 0, 1;
L_0000022b19cd4090 .part L_0000022b19cd3410, 1, 1;
S_0000022b19cbc570 .scope module, "dut" "nand_gate" 3 31, 3 3 0, S_0000022b19cbca20;
 .timescale -9 -9;
    .port_info 0 /INPUT 1 "a";
    .port_info 1 /INPUT 1 "b";
    .port_info 2 /OUTPUT 1 "y";
L_0000022b19cdbf70/d .functor NAND 1, L_0000022b19cd4b30, L_0000022b19cd32d0, C4<1>, C4<1>;
L_0000022b19cdbf70 .delay 1 (1,1,1) L_0000022b19cdbf70/d;
v0000022b19cbf500_0 .net "a", 0 0, L_0000022b19cd4b30;  alias, 1 drivers
v0000022b19cc0e00_0 .net "b", 0 0, L_0000022b19cd32d0;  1 drivers
v0000022b19cc07c0_0 .net "y", 0 0, L_0000022b19cdbf70;  1 drivers
S_0000022b19cbc890 .scope module, "fut" "nand_gate" 3 32, 3 3 0, S_0000022b19cbca20;
 .timescale -9 -9;
    .port_info 0 /INPUT 1 "a";
    .port_info 1 /INPUT 1 "b";
    .port_info 2 /OUTPUT 1 "y";
L_0000022b19cdb870/d .functor NAND 1, L_0000022b19cd3370, L_0000022b19cd4db0, C4<1>, C4<1>;
L_0000022b19cdb870 .delay 1 (1,1,1) L_0000022b19cdb870/d;
v0000022b19cc02c0_0 .net "a", 0 0, L_0000022b19cd3370;  1 drivers
v0000022b19cc0360_0 .net "b", 0 0, L_0000022b19cd4db0;  alias, 1 drivers
v0000022b19cc0860_0 .net "y", 0 0, L_0000022b19cdb870;  1 drivers
S_0000022b19cbc0c0 .scope module, "ut" "nand_gate" 3 33, 3 3 0, S_0000022b19cbca20;
 .timescale -9 -9;
    .port_info 0 /INPUT 1 "a";
    .port_info 1 /INPUT 1 "b";
    .port_info 2 /OUTPUT 1 "y";
L_0000022b19cdb2c0/d .functor NAND 1, L_0000022b19cd4a90, L_0000022b19cd4090, C4<1>, C4<1>;
L_0000022b19cdb2c0 .delay 1 (1,1,1) L_0000022b19cdb2c0/d;
v0000022b19cc0900_0 .net "a", 0 0, L_0000022b19cd4a90;  1 drivers
v0000022b19cc09a0_0 .net "b", 0 0, L_0000022b19cd4090;  1 drivers
v0000022b19cc0ea0_0 .net "y", 0 0, L_0000022b19cdb2c0;  alias, 1 drivers
S_0000022b19cbc250 .scope module, "uut" "nand_gate" 3 30, 3 3 0, S_0000022b19cbca20;
 .timescale -9 -9;
    .port_info 0 /INPUT 1 "a";
    .port_info 1 /INPUT 1 "b";
    .port_info 2 /OUTPUT 1 "y";
L_0000022b19cdbbf0/d .functor NAND 1, L_0000022b19cd4b30, L_0000022b19cd4db0, C4<1>, C4<1>;
L_0000022b19cdbbf0 .delay 1 (1,1,1) L_0000022b19cdbbf0/d;
v0000022b19cc0a40_0 .net "a", 0 0, L_0000022b19cd4b30;  alias, 1 drivers
v0000022b19cc0f40_0 .net "b", 0 0, L_0000022b19cd4db0;  alias, 1 drivers
v0000022b19cc0fe0_0 .net "y", 0 0, L_0000022b19cdbbf0;  1 drivers
S_0000022b19cbcbb0 .scope module, "uut" "nand_gate" 3 43, 3 3 0, S_0000022b19cbb8f0;
 .timescale -9 -9;
    .port_info 0 /INPUT 1 "a";
    .port_info 1 /INPUT 1 "b";
    .port_info 2 /OUTPUT 1 "y";
L_0000022b19cdc050/d .functor NAND 1, L_0000022b19cd4b30, L_0000022b19cd4db0, C4<1>, C4<1>;
L_0000022b19cdc050 .delay 1 (1,1,1) L_0000022b19cdc050/d;
v0000022b19cbf6e0_0 .net "a", 0 0, L_0000022b19cd4b30;  alias, 1 drivers
v0000022b19cc9a20_0 .net "b", 0 0, L_0000022b19cd4db0;  alias, 1 drivers
v0000022b19ccab00_0 .net "y", 0 0, L_0000022b19cdc050;  alias, 1 drivers
S_0000022b19cbced0 .scope module, "fa3" "full_adder" 3 76, 3 48 0, S_0000022b19bace90;
 .timescale -9 -9;
    .port_info 0 /INPUT 1 "a";
    .port_info 1 /INPUT 1 "b";
    .port_info 2 /INPUT 1 "ck_1";
    .port_info 3 /OUTPUT 1 "sum";
    .port_info 4 /OUTPUT 1 "carry_out";
v0000022b19cce760_0 .net "a", 0 0, L_0000022b19cd4590;  1 drivers
v0000022b19cceb20_0 .net "b", 0 0, L_0000022b19cd4630;  1 drivers
v0000022b19cce580_0 .net "carry_out", 0 0, L_0000022b19cdbb10;  alias, 1 drivers
v0000022b19cce260_0 .net "ck_1", 0 0, L_0000022b19cd4770;  1 drivers
v0000022b19ccebc0_0 .net "result", 1 0, L_0000022b19cd4310;  1 drivers
v0000022b19cce120_0 .net "sum", 0 0, L_0000022b19cd4450;  1 drivers
v0000022b19ccef80_0 .net "y", 1 0, L_0000022b19cd41d0;  1 drivers
L_0000022b19cd39b0 .part L_0000022b19cd41d0, 0, 1;
L_0000022b19cd4450 .part L_0000022b19cd4310, 0, 1;
L_0000022b19cd4810 .part L_0000022b19cd41d0, 1, 1;
L_0000022b19cd44f0 .part L_0000022b19cd4310, 1, 1;
S_0000022b19cbb2b0 .scope module, "carry" "or_gate" 3 62, 3 11 0, S_0000022b19cbced0;
 .timescale -9 -9;
    .port_info 0 /INPUT 1 "a";
    .port_info 1 /INPUT 1 "b";
    .port_info 2 /OUTPUT 1 "y";
v0000022b19cca560_0 .net "a", 0 0, L_0000022b19cd4810;  1 drivers
v0000022b19cca600_0 .net "b", 0 0, L_0000022b19cd44f0;  1 drivers
v0000022b19cc9700_0 .net "y", 0 0, L_0000022b19cdbb10;  alias, 1 drivers
v0000022b19cc9520_0 .net "y2", 1 0, L_0000022b19cd4e50;  1 drivers
L_0000022b19cd4e50 .concat8 [ 1 1 0 0], L_0000022b19cdb640, L_0000022b19cdbaa0;
L_0000022b19cd4950 .part L_0000022b19cd4e50, 1, 1;
L_0000022b19cd5030 .part L_0000022b19cd4e50, 0, 1;
S_0000022b19ccc8e0 .scope module, "dsut" "nand_gate" 3 20, 3 3 0, S_0000022b19cbb2b0;
 .timescale -9 -9;
    .port_info 0 /INPUT 1 "a";
    .port_info 1 /INPUT 1 "b";
    .port_info 2 /OUTPUT 1 "y";
L_0000022b19cdbb10/d .functor NAND 1, L_0000022b19cd4950, L_0000022b19cd5030, C4<1>, C4<1>;
L_0000022b19cdbb10 .delay 1 (1,1,1) L_0000022b19cdbb10/d;
v0000022b19cc9480_0 .net "a", 0 0, L_0000022b19cd4950;  1 drivers
v0000022b19cca100_0 .net "b", 0 0, L_0000022b19cd5030;  1 drivers
v0000022b19cca1a0_0 .net "y", 0 0, L_0000022b19cdbb10;  alias, 1 drivers
S_0000022b19ccb940 .scope module, "dut" "nand_gate" 3 19, 3 3 0, S_0000022b19cbb2b0;
 .timescale -9 -9;
    .port_info 0 /INPUT 1 "a";
    .port_info 1 /INPUT 1 "b";
    .port_info 2 /OUTPUT 1 "y";
L_0000022b19cdb640/d .functor NAND 1, L_0000022b19cd44f0, L_0000022b19cd44f0, C4<1>, C4<1>;
L_0000022b19cdb640 .delay 1 (1,1,1) L_0000022b19cdb640/d;
v0000022b19cca240_0 .net "a", 0 0, L_0000022b19cd44f0;  alias, 1 drivers
v0000022b19cca420_0 .net "b", 0 0, L_0000022b19cd44f0;  alias, 1 drivers
v0000022b19cca4c0_0 .net "y", 0 0, L_0000022b19cdb640;  1 drivers
S_0000022b19cccd90 .scope module, "uut" "nand_gate" 3 18, 3 3 0, S_0000022b19cbb2b0;
 .timescale -9 -9;
    .port_info 0 /INPUT 1 "a";
    .port_info 1 /INPUT 1 "b";
    .port_info 2 /OUTPUT 1 "y";
L_0000022b19cdbaa0/d .functor NAND 1, L_0000022b19cd4810, L_0000022b19cd4810, C4<1>, C4<1>;
L_0000022b19cdbaa0 .delay 1 (1,1,1) L_0000022b19cdbaa0/d;
v0000022b19ccad80_0 .net "a", 0 0, L_0000022b19cd4810;  alias, 1 drivers
v0000022b19cc97a0_0 .net "b", 0 0, L_0000022b19cd4810;  alias, 1 drivers
v0000022b19ccaba0_0 .net "y", 0 0, L_0000022b19cdbaa0;  1 drivers
S_0000022b19ccbad0 .scope module, "first_sum" "half_adder" 3 58, 3 36 0, S_0000022b19cbced0;
 .timescale -9 -9;
    .port_info 0 /INPUT 1 "a";
    .port_info 1 /INPUT 1 "b";
    .port_info 2 /OUTPUT 2 "y";
v0000022b19cc9d40_0 .net "a", 0 0, L_0000022b19cd4590;  alias, 1 drivers
v0000022b19cc9de0_0 .net "b", 0 0, L_0000022b19cd4630;  alias, 1 drivers
v0000022b19cce8a0_0 .net "carry", 0 0, L_0000022b19cdb8e0;  1 drivers
v0000022b19cce940_0 .net "y", 1 0, L_0000022b19cd41d0;  alias, 1 drivers
L_0000022b19cd41d0 .concat8 [ 1 1 0 0], L_0000022b19cdb410, L_0000022b19cdbf00;
S_0000022b19ccbc60 .scope module, "dut" "nand_gate" 3 45, 3 3 0, S_0000022b19ccbad0;
 .timescale -9 -9;
    .port_info 0 /INPUT 1 "a";
    .port_info 1 /INPUT 1 "b";
    .port_info 2 /OUTPUT 1 "y";
L_0000022b19cdbf00/d .functor NAND 1, L_0000022b19cdb8e0, L_0000022b19cdb8e0, C4<1>, C4<1>;
L_0000022b19cdbf00 .delay 1 (1,1,1) L_0000022b19cdbf00/d;
v0000022b19cca740_0 .net "a", 0 0, L_0000022b19cdb8e0;  alias, 1 drivers
v0000022b19cca6a0_0 .net "b", 0 0, L_0000022b19cdb8e0;  alias, 1 drivers
v0000022b19cc9ac0_0 .net "y", 0 0, L_0000022b19cdbf00;  1 drivers
S_0000022b19ccc430 .scope module, "sum_gate" "xor_gate" 3 44, 3 23 0, S_0000022b19ccbad0;
 .timescale -9 -9;
    .port_info 0 /INPUT 1 "a";
    .port_info 1 /INPUT 1 "b";
    .port_info 2 /OUTPUT 1 "y";
v0000022b19cc9c00_0 .net "a", 0 0, L_0000022b19cd4590;  alias, 1 drivers
v0000022b19ccaf60_0 .net "b", 0 0, L_0000022b19cd4630;  alias, 1 drivers
v0000022b19cc9980_0 .net "y", 0 0, L_0000022b19cdb410;  1 drivers
v0000022b19cc92a0_0 .net "y1", 2 0, L_0000022b19cd3e10;  1 drivers
L_0000022b19cd3cd0 .part L_0000022b19cd3e10, 2, 1;
L_0000022b19cd48b0 .part L_0000022b19cd3e10, 2, 1;
L_0000022b19cd3e10 .concat8 [ 1 1 1 0], L_0000022b19cdb5d0, L_0000022b19cdb250, L_0000022b19cdb3a0;
L_0000022b19cd4130 .part L_0000022b19cd3e10, 0, 1;
L_0000022b19cd46d0 .part L_0000022b19cd3e10, 1, 1;
S_0000022b19ccb170 .scope module, "dut" "nand_gate" 3 31, 3 3 0, S_0000022b19ccc430;
 .timescale -9 -9;
    .port_info 0 /INPUT 1 "a";
    .port_info 1 /INPUT 1 "b";
    .port_info 2 /OUTPUT 1 "y";
L_0000022b19cdb250/d .functor NAND 1, L_0000022b19cd4590, L_0000022b19cd3cd0, C4<1>, C4<1>;
L_0000022b19cdb250 .delay 1 (1,1,1) L_0000022b19cdb250/d;
v0000022b19cc9e80_0 .net "a", 0 0, L_0000022b19cd4590;  alias, 1 drivers
v0000022b19cc9660_0 .net "b", 0 0, L_0000022b19cd3cd0;  1 drivers
v0000022b19ccb000_0 .net "y", 0 0, L_0000022b19cdb250;  1 drivers
S_0000022b19cccc00 .scope module, "fut" "nand_gate" 3 32, 3 3 0, S_0000022b19ccc430;
 .timescale -9 -9;
    .port_info 0 /INPUT 1 "a";
    .port_info 1 /INPUT 1 "b";
    .port_info 2 /OUTPUT 1 "y";
L_0000022b19cdb5d0/d .functor NAND 1, L_0000022b19cd48b0, L_0000022b19cd4630, C4<1>, C4<1>;
L_0000022b19cdb5d0 .delay 1 (1,1,1) L_0000022b19cdb5d0/d;
v0000022b19cca7e0_0 .net "a", 0 0, L_0000022b19cd48b0;  1 drivers
v0000022b19cc9b60_0 .net "b", 0 0, L_0000022b19cd4630;  alias, 1 drivers
v0000022b19cc98e0_0 .net "y", 0 0, L_0000022b19cdb5d0;  1 drivers
S_0000022b19ccb300 .scope module, "ut" "nand_gate" 3 33, 3 3 0, S_0000022b19ccc430;
 .timescale -9 -9;
    .port_info 0 /INPUT 1 "a";
    .port_info 1 /INPUT 1 "b";
    .port_info 2 /OUTPUT 1 "y";
L_0000022b19cdb410/d .functor NAND 1, L_0000022b19cd4130, L_0000022b19cd46d0, C4<1>, C4<1>;
L_0000022b19cdb410 .delay 1 (1,1,1) L_0000022b19cdb410/d;
v0000022b19cca880_0 .net "a", 0 0, L_0000022b19cd4130;  1 drivers
v0000022b19cca920_0 .net "b", 0 0, L_0000022b19cd46d0;  1 drivers
v0000022b19cc9840_0 .net "y", 0 0, L_0000022b19cdb410;  alias, 1 drivers
S_0000022b19ccb490 .scope module, "uut" "nand_gate" 3 30, 3 3 0, S_0000022b19ccc430;
 .timescale -9 -9;
    .port_info 0 /INPUT 1 "a";
    .port_info 1 /INPUT 1 "b";
    .port_info 2 /OUTPUT 1 "y";
L_0000022b19cdb3a0/d .functor NAND 1, L_0000022b19cd4590, L_0000022b19cd4630, C4<1>, C4<1>;
L_0000022b19cdb3a0 .delay 1 (1,1,1) L_0000022b19cdb3a0/d;
v0000022b19cc9160_0 .net "a", 0 0, L_0000022b19cd4590;  alias, 1 drivers
v0000022b19cca9c0_0 .net "b", 0 0, L_0000022b19cd4630;  alias, 1 drivers
v0000022b19ccaa60_0 .net "y", 0 0, L_0000022b19cdb3a0;  1 drivers
S_0000022b19ccb620 .scope module, "uut" "nand_gate" 3 43, 3 3 0, S_0000022b19ccbad0;
 .timescale -9 -9;
    .port_info 0 /INPUT 1 "a";
    .port_info 1 /INPUT 1 "b";
    .port_info 2 /OUTPUT 1 "y";
L_0000022b19cdb8e0/d .functor NAND 1, L_0000022b19cd4590, L_0000022b19cd4630, C4<1>, C4<1>;
L_0000022b19cdb8e0 .delay 1 (1,1,1) L_0000022b19cdb8e0/d;
v0000022b19cc95c0_0 .net "a", 0 0, L_0000022b19cd4590;  alias, 1 drivers
v0000022b19cc9340_0 .net "b", 0 0, L_0000022b19cd4630;  alias, 1 drivers
v0000022b19cc9ca0_0 .net "y", 0 0, L_0000022b19cdb8e0;  alias, 1 drivers
S_0000022b19cccf20 .scope module, "second_sum" "half_adder" 3 59, 3 36 0, S_0000022b19cbced0;
 .timescale -9 -9;
    .port_info 0 /INPUT 1 "a";
    .port_info 1 /INPUT 1 "b";
    .port_info 2 /OUTPUT 2 "y";
v0000022b19ccea80_0 .net "a", 0 0, L_0000022b19cd39b0;  1 drivers
v0000022b19ccdfe0_0 .net "b", 0 0, L_0000022b19cd4770;  alias, 1 drivers
v0000022b19ccde00_0 .net "carry", 0 0, L_0000022b19cdbd40;  1 drivers
v0000022b19ccdea0_0 .net "y", 1 0, L_0000022b19cd4310;  alias, 1 drivers
L_0000022b19cd4310 .concat8 [ 1 1 0 0], L_0000022b19cdbe20, L_0000022b19cdba30;
S_0000022b19ccbdf0 .scope module, "dut" "nand_gate" 3 45, 3 3 0, S_0000022b19cccf20;
 .timescale -9 -9;
    .port_info 0 /INPUT 1 "a";
    .port_info 1 /INPUT 1 "b";
    .port_info 2 /OUTPUT 1 "y";
L_0000022b19cdba30/d .functor NAND 1, L_0000022b19cdbd40, L_0000022b19cdbd40, C4<1>, C4<1>;
L_0000022b19cdba30 .delay 1 (1,1,1) L_0000022b19cdba30/d;
v0000022b19ccd220_0 .net "a", 0 0, L_0000022b19cdbd40;  alias, 1 drivers
v0000022b19ccd5e0_0 .net "b", 0 0, L_0000022b19cdbd40;  alias, 1 drivers
v0000022b19cce080_0 .net "y", 0 0, L_0000022b19cdba30;  1 drivers
S_0000022b19ccb7b0 .scope module, "sum_gate" "xor_gate" 3 44, 3 23 0, S_0000022b19cccf20;
 .timescale -9 -9;
    .port_info 0 /INPUT 1 "a";
    .port_info 1 /INPUT 1 "b";
    .port_info 2 /OUTPUT 1 "y";
v0000022b19cce4e0_0 .net "a", 0 0, L_0000022b19cd39b0;  alias, 1 drivers
v0000022b19ccdae0_0 .net "b", 0 0, L_0000022b19cd4770;  alias, 1 drivers
v0000022b19ccd180_0 .net "y", 0 0, L_0000022b19cdbe20;  1 drivers
v0000022b19ccdcc0_0 .net "y1", 2 0, L_0000022b19cd4bd0;  1 drivers
L_0000022b19cd3eb0 .part L_0000022b19cd4bd0, 2, 1;
L_0000022b19cd3a50 .part L_0000022b19cd4bd0, 2, 1;
L_0000022b19cd4bd0 .concat8 [ 1 1 1 0], L_0000022b19cdb9c0, L_0000022b19cdb950, L_0000022b19cdbb80;
L_0000022b19cd4ef0 .part L_0000022b19cd4bd0, 0, 1;
L_0000022b19cd4c70 .part L_0000022b19cd4bd0, 1, 1;
S_0000022b19ccbf80 .scope module, "dut" "nand_gate" 3 31, 3 3 0, S_0000022b19ccb7b0;
 .timescale -9 -9;
    .port_info 0 /INPUT 1 "a";
    .port_info 1 /INPUT 1 "b";
    .port_info 2 /OUTPUT 1 "y";
L_0000022b19cdb950/d .functor NAND 1, L_0000022b19cd39b0, L_0000022b19cd3eb0, C4<1>, C4<1>;
L_0000022b19cdb950 .delay 1 (1,1,1) L_0000022b19cdb950/d;
v0000022b19cce9e0_0 .net "a", 0 0, L_0000022b19cd39b0;  alias, 1 drivers
v0000022b19ccdf40_0 .net "b", 0 0, L_0000022b19cd3eb0;  1 drivers
v0000022b19ccd900_0 .net "y", 0 0, L_0000022b19cdb950;  1 drivers
S_0000022b19ccc110 .scope module, "fut" "nand_gate" 3 32, 3 3 0, S_0000022b19ccb7b0;
 .timescale -9 -9;
    .port_info 0 /INPUT 1 "a";
    .port_info 1 /INPUT 1 "b";
    .port_info 2 /OUTPUT 1 "y";
L_0000022b19cdb9c0/d .functor NAND 1, L_0000022b19cd3a50, L_0000022b19cd4770, C4<1>, C4<1>;
L_0000022b19cdb9c0 .delay 1 (1,1,1) L_0000022b19cdb9c0/d;
v0000022b19ccd360_0 .net "a", 0 0, L_0000022b19cd3a50;  1 drivers
v0000022b19cce1c0_0 .net "b", 0 0, L_0000022b19cd4770;  alias, 1 drivers
v0000022b19ccd860_0 .net "y", 0 0, L_0000022b19cdb9c0;  1 drivers
S_0000022b19ccca70 .scope module, "ut" "nand_gate" 3 33, 3 3 0, S_0000022b19ccb7b0;
 .timescale -9 -9;
    .port_info 0 /INPUT 1 "a";
    .port_info 1 /INPUT 1 "b";
    .port_info 2 /OUTPUT 1 "y";
L_0000022b19cdbe20/d .functor NAND 1, L_0000022b19cd4ef0, L_0000022b19cd4c70, C4<1>, C4<1>;
L_0000022b19cdbe20 .delay 1 (1,1,1) L_0000022b19cdbe20/d;
v0000022b19ccd9a0_0 .net "a", 0 0, L_0000022b19cd4ef0;  1 drivers
v0000022b19ccf020_0 .net "b", 0 0, L_0000022b19cd4c70;  1 drivers
v0000022b19ccdb80_0 .net "y", 0 0, L_0000022b19cdbe20;  alias, 1 drivers
S_0000022b19ccc2a0 .scope module, "uut" "nand_gate" 3 30, 3 3 0, S_0000022b19ccb7b0;
 .timescale -9 -9;
    .port_info 0 /INPUT 1 "a";
    .port_info 1 /INPUT 1 "b";
    .port_info 2 /OUTPUT 1 "y";
L_0000022b19cdbb80/d .functor NAND 1, L_0000022b19cd39b0, L_0000022b19cd4770, C4<1>, C4<1>;
L_0000022b19cdbb80 .delay 1 (1,1,1) L_0000022b19cdbb80/d;
v0000022b19cceee0_0 .net "a", 0 0, L_0000022b19cd39b0;  alias, 1 drivers
v0000022b19ccd7c0_0 .net "b", 0 0, L_0000022b19cd4770;  alias, 1 drivers
v0000022b19ccda40_0 .net "y", 0 0, L_0000022b19cdbb80;  1 drivers
S_0000022b19ccc5c0 .scope module, "uut" "nand_gate" 3 43, 3 3 0, S_0000022b19cccf20;
 .timescale -9 -9;
    .port_info 0 /INPUT 1 "a";
    .port_info 1 /INPUT 1 "b";
    .port_info 2 /OUTPUT 1 "y";
L_0000022b19cdbd40/d .functor NAND 1, L_0000022b19cd39b0, L_0000022b19cd4770, C4<1>, C4<1>;
L_0000022b19cdbd40 .delay 1 (1,1,1) L_0000022b19cdbd40/d;
v0000022b19ccdc20_0 .net "a", 0 0, L_0000022b19cd39b0;  alias, 1 drivers
v0000022b19ccd2c0_0 .net "b", 0 0, L_0000022b19cd4770;  alias, 1 drivers
v0000022b19ccdd60_0 .net "y", 0 0, L_0000022b19cdbd40;  alias, 1 drivers
S_0000022b19ccc750 .scope module, "overflow_logic" "xor_gate" 3 77, 3 23 0, S_0000022b19bace90;
 .timescale -9 -9;
    .port_info 0 /INPUT 1 "a";
    .port_info 1 /INPUT 1 "b";
    .port_info 2 /OUTPUT 1 "y";
v0000022b19cce6c0_0 .net "a", 0 0, L_0000022b19cdbb10;  alias, 1 drivers
v0000022b19ccd4a0_0 .net "b", 0 0, L_0000022b19ce0a10;  1 drivers
v0000022b19ccd540_0 .net "y", 0 0, L_0000022b19cdc0c0;  alias, 1 drivers
v0000022b19cd1a70_0 .net "y1", 2 0, L_0000022b19ce1b90;  1 drivers
L_0000022b19ce0e70 .part L_0000022b19ce1b90, 2, 1;
L_0000022b19ce0ab0 .part L_0000022b19ce1b90, 2, 1;
L_0000022b19ce1b90 .concat8 [ 1 1 1 0], L_0000022b19cdbc60, L_0000022b19cdbfe0, L_0000022b19cdbe90;
L_0000022b19ce1230 .part L_0000022b19ce1b90, 0, 1;
L_0000022b19ce1730 .part L_0000022b19ce1b90, 1, 1;
S_0000022b19ccfaf0 .scope module, "dut" "nand_gate" 3 31, 3 3 0, S_0000022b19ccc750;
 .timescale -9 -9;
    .port_info 0 /INPUT 1 "a";
    .port_info 1 /INPUT 1 "b";
    .port_info 2 /OUTPUT 1 "y";
L_0000022b19cdbfe0/d .functor NAND 1, L_0000022b19cdbb10, L_0000022b19ce0e70, C4<1>, C4<1>;
L_0000022b19cdbfe0 .delay 1 (1,1,1) L_0000022b19cdbfe0/d;
v0000022b19ccec60_0 .net "a", 0 0, L_0000022b19cdbb10;  alias, 1 drivers
v0000022b19ccd680_0 .net "b", 0 0, L_0000022b19ce0e70;  1 drivers
v0000022b19cce620_0 .net "y", 0 0, L_0000022b19cdbfe0;  1 drivers
S_0000022b19cd0130 .scope module, "fut" "nand_gate" 3 32, 3 3 0, S_0000022b19ccc750;
 .timescale -9 -9;
    .port_info 0 /INPUT 1 "a";
    .port_info 1 /INPUT 1 "b";
    .port_info 2 /OUTPUT 1 "y";
L_0000022b19cdbc60/d .functor NAND 1, L_0000022b19ce0ab0, L_0000022b19ce0a10, C4<1>, C4<1>;
L_0000022b19cdbc60 .delay 1 (1,1,1) L_0000022b19cdbc60/d;
v0000022b19ccd720_0 .net "a", 0 0, L_0000022b19ce0ab0;  1 drivers
v0000022b19cce800_0 .net "b", 0 0, L_0000022b19ce0a10;  alias, 1 drivers
v0000022b19cce300_0 .net "y", 0 0, L_0000022b19cdbc60;  1 drivers
S_0000022b19cd0a90 .scope module, "ut" "nand_gate" 3 33, 3 3 0, S_0000022b19ccc750;
 .timescale -9 -9;
    .port_info 0 /INPUT 1 "a";
    .port_info 1 /INPUT 1 "b";
    .port_info 2 /OUTPUT 1 "y";
L_0000022b19cdc0c0/d .functor NAND 1, L_0000022b19ce1230, L_0000022b19ce1730, C4<1>, C4<1>;
L_0000022b19cdc0c0 .delay 1 (1,1,1) L_0000022b19cdc0c0/d;
v0000022b19cce3a0_0 .net "a", 0 0, L_0000022b19ce1230;  1 drivers
v0000022b19ccd400_0 .net "b", 0 0, L_0000022b19ce1730;  1 drivers
v0000022b19cced00_0 .net "y", 0 0, L_0000022b19cdc0c0;  alias, 1 drivers
S_0000022b19ccf190 .scope module, "uut" "nand_gate" 3 30, 3 3 0, S_0000022b19ccc750;
 .timescale -9 -9;
    .port_info 0 /INPUT 1 "a";
    .port_info 1 /INPUT 1 "b";
    .port_info 2 /OUTPUT 1 "y";
L_0000022b19cdbe90/d .functor NAND 1, L_0000022b19cdbb10, L_0000022b19ce0a10, C4<1>, C4<1>;
L_0000022b19cdbe90 .delay 1 (1,1,1) L_0000022b19cdbe90/d;
v0000022b19cce440_0 .net "a", 0 0, L_0000022b19cdbb10;  alias, 1 drivers
v0000022b19cceda0_0 .net "b", 0 0, L_0000022b19ce0a10;  alias, 1 drivers
v0000022b19ccee40_0 .net "y", 0 0, L_0000022b19cdbe90;  1 drivers
    .scope S_0000022b19bace90;
T_0 ;
    %pushi/vec4 0, 0, 1;
    %store/vec4 v0000022b19cd23d0_0, 0, 1;
    %end;
    .thread T_0;
    .scope S_0000022b19c5fcc0;
T_1 ;
    %vpi_call 2 20 "$dumpfile", "ripplecarryadder.vcd" {0 0 0};
    %vpi_call 2 21 "$dumpvars", 32'sb00000000000000000000000000000000, S_0000022b19c5fcc0 {0 0 0};
    %pushi/vec4 6, 0, 4;
    %store/vec4 v0000022b19cd14d0_0, 0, 4;
    %pushi/vec4 15, 0, 4;
    %store/vec4 v0000022b19cd2650_0, 0, 4;
    %delay 40, 0;
    %pushi/vec4 1, 0, 4;
    %store/vec4 v0000022b19cd14d0_0, 0, 4;
    %pushi/vec4 1, 0, 4;
    %store/vec4 v0000022b19cd2650_0, 0, 4;
    %delay 40, 0;
    %pushi/vec4 15, 0, 4;
    %store/vec4 v0000022b19cd14d0_0, 0, 4;
    %pushi/vec4 1, 0, 4;
    %store/vec4 v0000022b19cd2650_0, 0, 4;
    %delay 40, 0;
    %pushi/vec4 9, 0, 4;
    %store/vec4 v0000022b19cd14d0_0, 0, 4;
    %pushi/vec4 7, 0, 4;
    %store/vec4 v0000022b19cd2650_0, 0, 4;
    %delay 40, 0;
    %pushi/vec4 5, 0, 4;
    %store/vec4 v0000022b19cd14d0_0, 0, 4;
    %pushi/vec4 5, 0, 4;
    %store/vec4 v0000022b19cd2650_0, 0, 4;
    %delay 40, 0;
    %pushi/vec4 3, 0, 4;
    %store/vec4 v0000022b19cd14d0_0, 0, 4;
    %pushi/vec4 13, 0, 4;
    %store/vec4 v0000022b19cd2650_0, 0, 4;
    %delay 40, 0;
    %pushi/vec4 6, 0, 4;
    %store/vec4 v0000022b19cd14d0_0, 0, 4;
    %pushi/vec4 2, 0, 4;
    %store/vec4 v0000022b19cd2650_0, 0, 4;
    %delay 40, 0;
    %pushi/vec4 2, 0, 4;
    %store/vec4 v0000022b19cd14d0_0, 0, 4;
    %pushi/vec4 3, 0, 4;
    %store/vec4 v0000022b19cd2650_0, 0, 4;
    %delay 40, 0;
    %pushi/vec4 4, 0, 4;
    %store/vec4 v0000022b19cd14d0_0, 0, 4;
    %pushi/vec4 4, 0, 4;
    %store/vec4 v0000022b19cd2650_0, 0, 4;
    %delay 40, 0;
    %pushi/vec4 12, 0, 4;
    %store/vec4 v0000022b19cd14d0_0, 0, 4;
    %pushi/vec4 2, 0, 4;
    %store/vec4 v0000022b19cd2650_0, 0, 4;
    %delay 40, 0;
    %pushi/vec4 7, 0, 4;
    %store/vec4 v0000022b19cd14d0_0, 0, 4;
    %pushi/vec4 7, 0, 4;
    %store/vec4 v0000022b19cd2650_0, 0, 4;
    %delay 40, 0;
    %pushi/vec4 14, 0, 4;
    %store/vec4 v0000022b19cd14d0_0, 0, 4;
    %pushi/vec4 1, 0, 4;
    %store/vec4 v0000022b19cd2650_0, 0, 4;
    %delay 40, 0;
    %vpi_call 2 61 "$finish" {0 0 0};
    %end;
    .thread T_1;
    .scope S_0000022b19c5fcc0;
T_2 ;
    %wait E_0000022b19c48360;
    %vpi_call 2 65 "$monitor", "Time = %0t ns, a = %b, b = %b -> Sum = %b, Overflow = %b", $time, v0000022b19cd14d0_0, v0000022b19cd2650_0, v0000022b19cd2970_0, v0000022b19cd1930_0 {0 0 0};
    %jmp T_2;
    .thread T_2, $push;
# The file index is used to find the file name in the following table.
:file_names 4;
    "N/A";
    "<interactive>";
    "ripplecarryadder_tb.v";
    "./ripplecarryadder.v";
